[    6199ms] [ERROR] Refused to get unsafe header "X-Sg-Cs" @ https://www.google.com/search?q=laibach+musick+rym&oq=laibach+musick+rym&gs_lcrp=EgZjaHJvbWUyBggAEEUYOTIJCAEQIRgKGKABMgkIAhAhGAoYoAEyCQgDECEYChigATIJCAQQIRgKGKABMgkIBRAhGAoYoAHSAQg1NDk1ajBqN6gCALACAA&sourceid=chrome&ie=UTF-8:21
[    6199ms] [ERROR] Refused to get unsafe header "X-Sorry-Redirect" @ https://www.google.com/search?q=laibach+musick+rym&oq=laibach+musick+rym&gs_lcrp=EgZjaHJvbWUyBggAEEUYOTIJCAEQIRgKGKABMgkIAhAhGAoYoAEyCQgDECEYChigATIJCAQQIRgKGKABMgkIBRAhGAoYoAHSAQg1NDk1ajBqN6gCALACAA&sourceid=chrome&ie=UTF-8:21
[    7160ms] [ERROR] Refused to get unsafe header "X-Sg-Cs" @ https://www.google.com/search?q=laibach+musick+rym&oq=laibach+musick+rym&gs_lcrp=EgZjaHJvbWUyBggAEEUYOTIJCAEQIRgKGKABMgkIAhAhGAoYoAEyCQgDECEYChigATIJCAQQIRgKGKABMgkIBRAhGAoYoAHSAQg1NDk1ajBqN6gCALACAA&sourceid=chrome&ie=UTF-8:21
[    7160ms] [ERROR] Refused to get unsafe header "X-Sorry-Redirect" @ https://www.google.com/search?q=laibach+musick+rym&oq=laibach+musick+rym&gs_lcrp=EgZjaHJvbWUyBggAEEUYOTIJCAEQIRgKGKABMgkIAhAhGAoYoAEyCQgDECEYChigATIJCAQQIRgKGKABMgkIBRAhGAoYoAHSAQg1NDk1ajBqN6gCALACAA&sourceid=chrome&ie=UTF-8:21
[    7450ms] [ERROR] Failed to load resource: the server responded with a status of 403 () @ https://rateyourmusic.com/release/album/laibach/musick/:0
[    7545ms] [ERROR] Loading the image 'https://e.snmc.io/2.5/img/sonemic.png' violates the following Content Security Policy directive: "img-src 'self' https://challenges.cloudflare.com". The action has been blocked. @ https://rateyourmusic.com/release/album/laibach/musick/:0
[    7545ms] [ERROR] Loading the image 'https://e.snmc.io/2.5/img/sonemic.png' violates the following Content Security Policy directive: "img-src 'self' https://challenges.cloudflare.com". The action has been blocked. @ https://rateyourmusic.com/release/album/laibach/musick/:0
[    7548ms] [ERROR] Loading the image 'https://e.snmc.io/2.5/img/sonemic.png' violates the following Content Security Policy directive: "img-src 'self' https://challenges.cloudflare.com". The action has been blocked. @ https://rateyourmusic.com/release/album/laibach/musick/:0
[    7548ms] [ERROR] Loading the image 'https://e.snmc.io/2.5/img/sonemic.png' violates the following Content Security Policy directive: "img-src 'self' https://challenges.cloudflare.com". The action has been blocked. @ https://rateyourmusic.com/release/album/laibach/musick/:0
[    8197ms] [ERROR] This document requires 'TrustedHTML' assignment. The action has been blocked. @ https://challenges.cloudflare.com/cdn-cgi/challenge-platform/h/g/turnstile/f/ov2/av0/rch/zesiu/0x4AAAAAAADnPIDROrmt1Wwj/light/fbE/new/normal?lang=auto:0
[    8197ms] [ERROR] This document requires 'TrustedHTML' assignment. The action has been blocked. @ https://challenges.cloudflare.com/cdn-cgi/challenge-platform/h/g/turnstile/f/ov2/av0/rch/zesiu/0x4AAAAAAADnPIDROrmt1Wwj/light/fbE/new/normal?lang=auto:0
[    8197ms] [ERROR] This document requires 'TrustedScript' assignment. The action has been blocked. @ https://challenges.cloudflare.com/cdn-cgi/challenge-platform/h/g/turnstile/f/ov2/av0/rch/zesiu/0x4AAAAAAADnPIDROrmt1Wwj/light/fbE/new/normal?lang=auto:0
[    8197ms] [ERROR] This document requires 'TrustedScript' assignment. The action has been blocked. @ https://challenges.cloudflare.com/cdn-cgi/challenge-platform/h/g/turnstile/f/ov2/av0/rch/zesiu/0x4AAAAAAADnPIDROrmt1Wwj/light/fbE/new/normal?lang=auto:0
[    8197ms] [ERROR] This document requires 'TrustedScriptURL' assignment. The action has been blocked. @ https://challenges.cloudflare.com/cdn-cgi/challenge-platform/h/g/turnstile/f/ov2/av0/rch/zesiu/0x4AAAAAAADnPIDROrmt1Wwj/light/fbE/new/normal?lang=auto:0
[    8197ms] [ERROR] This document requires 'TrustedScriptURL' assignment. The action has been blocked. @ https://challenges.cloudflare.com/cdn-cgi/challenge-platform/h/g/turnstile/f/ov2/av0/rch/zesiu/0x4AAAAAAADnPIDROrmt1Wwj/light/fbE/new/normal?lang=auto:0
[    8199ms] [ERROR] Executing inline script violates the following Content Security Policy directive 'script-src 'nonce-qoLxdijoJpDqvpWbZh4ZMN' 'unsafe-eval''. Either the 'unsafe-inline' keyword, a hash ('sha256-eJGI0Ik4oYe/PKLDOt4wcN76wYs8h+Ew05pMzdY6xG8='), or a nonce ('nonce-...') is required to enable inline execution. The action has been blocked. @ about:srcdoc:0
[    8199ms] [ERROR] Executing inline script violates the following Content Security Policy directive 'script-src 'nonce-qoLxdijoJpDqvpWbZh4ZMN' 'unsafe-eval''. Either the 'unsafe-inline' keyword, a hash ('sha256-eJGI0Ik4oYe/PKLDOt4wcN76wYs8h+Ew05pMzdY6xG8='), or a nonce ('nonce-...') is required to enable inline execution. The action has been blocked. @ about:srcdoc:0
[    8200ms] [ERROR] This document requires 'TrustedScript' assignment. The action has been blocked. @ https://challenges.cloudflare.com/cdn-cgi/challenge-platform/h/g/turnstile/f/ov2/av0/rch/zesiu/0x4AAAAAAADnPIDROrmt1Wwj/light/fbE/new/normal?lang=auto:0
[    8200ms] [ERROR] This document requires 'TrustedScript' assignment. The action has been blocked. @ https://challenges.cloudflare.com/cdn-cgi/challenge-platform/h/g/turnstile/f/ov2/av0/rch/zesiu/0x4AAAAAAADnPIDROrmt1Wwj/light/fbE/new/normal?lang=auto:0
[    8366ms] [ERROR] Permissions policy violation: xr-spatial-tracking is not allowed in this document. @ https://challenges.cloudflare.com/cdn-cgi/challenge-platform/h/g/turnstile/f/ov2/av0/rch/zesiu/0x4AAAAAAADnPIDROrmt1Wwj/light/fbE/new/normal?lang=auto:0
[    8366ms] [ERROR] Permissions policy violation: xr-spatial-tracking is not allowed in this document. @ https://challenges.cloudflare.com/cdn-cgi/challenge-platform/h/g/turnstile/f/ov2/av0/rch/zesiu/0x4AAAAAAADnPIDROrmt1Wwj/light/fbE/new/normal?lang=auto:0
[    8916ms] [LOG] The next request for the Private Access Token challenge may return a 401 and show a warning in console. @ https://challenges.cloudflare.com/cdn-cgi/challenge-platform/h/g/turnstile/f/ov2/av0/rch/zesiu/0x4AAAAAAADnPIDROrmt1Wwj/light/fbE/new/normal?lang=auto:0
[    8924ms] [ERROR] Failed to load resource: the server responded with a status of 401 () @ https://challenges.cloudflare.com/cdn-cgi/challenge-platform/h/g/pat/9f61cf688eaaeb20/1777837989508/d1dcdce113eaa91ecd8c90d61700520fc1d588cd2621865598872985ff23c5ed/meiNGNqGfmMb8SL:0
[    9028ms] [WARNING] Failed to parse audio contentType: audio/mp4; codecs=ac-3 @ https://challenges.cloudflare.com/cdn-cgi/challenge-platform/h/g/turnstile/f/ov2/av0/rch/zesiu/0x4AAAAAAADnPIDROrmt1Wwj/light/fbE/new/normal?lang=auto:0
[    9028ms] [WARNING] Failed to parse audio contentType: audio/mp4; codecs=ec-3 @ https://challenges.cloudflare.com/cdn-cgi/challenge-platform/h/g/turnstile/f/ov2/av0/rch/zesiu/0x4AAAAAAADnPIDROrmt1Wwj/light/fbE/new/normal?lang=auto:0
[    9029ms] [WARNING] Invalid (ambiguous) video codec string: video/webm; codecs=vp9 @ https://challenges.cloudflare.com/cdn-cgi/challenge-platform/h/g/turnstile/f/ov2/av0/rch/zesiu/0x4AAAAAAADnPIDROrmt1Wwj/light/fbE/new/normal?lang=auto:0
[    9029ms] [WARNING] Failed to parse video contentType: video/ogg; codecs=theora @ https://challenges.cloudflare.com/cdn-cgi/challenge-platform/h/g/turnstile/f/ov2/av0/rch/zesiu/0x4AAAAAAADnPIDROrmt1Wwj/light/fbE/new/normal?lang=auto:0
[    9184ms] [LOG] /.*.*=.*/ @ https://challenges.cloudflare.com/cdn-cgi/challenge-platform/h/g/turnstile/f/ov2/av0/rch/zesiu/0x4AAAAAAADnPIDROrmt1Wwj/light/fbE/new/normal?lang=auto:0
[    9184ms] [LOG] /.*.*=.*/ @ https://challenges.cloudflare.com/cdn-cgi/challenge-platform/h/g/turnstile/f/ov2/av0/rch/zesiu/0x4AAAAAAADnPIDROrmt1Wwj/light/fbE/new/normal?lang=auto:0
[    9184ms] [LOG] function () { [native code] } @ https://challenges.cloudflare.com/cdn-cgi/challenge-platform/h/g/turnstile/f/ov2/av0/rch/zesiu/0x4AAAAAAADnPIDROrmt1Wwj/light/fbE/new/normal?lang=auto:0
[    9184ms] [LOG] function () { [native code] } @ https://challenges.cloudflare.com/cdn-cgi/challenge-platform/h/g/turnstile/f/ov2/av0/rch/zesiu/0x4AAAAAAADnPIDROrmt1Wwj/light/fbE/new/normal?lang=auto:0
[    9184ms] [LOG] JSHandle@node @ https://challenges.cloudflare.com/cdn-cgi/challenge-platform/h/g/turnstile/f/ov2/av0/rch/zesiu/0x4AAAAAAADnPIDROrmt1Wwj/light/fbE/new/normal?lang=auto:0
[    9184ms] [LOG] JSHandle@node @ https://challenges.cloudflare.com/cdn-cgi/challenge-platform/h/g/turnstile/f/ov2/av0/rch/zesiu/0x4AAAAAAADnPIDROrmt1Wwj/light/fbE/new/normal?lang=auto:0
[    9185ms] [COUNT]  : 1 @ https://challenges.cloudflare.com/cdn-cgi/challenge-platform/h/g/turnstile/f/ov2/av0/rch/zesiu/0x4AAAAAAADnPIDROrmt1Wwj/light/fbE/new/normal?lang=auto:0
[    9185ms] [COUNT]  : 1 @ https://challenges.cloudflare.com/cdn-cgi/challenge-platform/h/g/turnstile/f/ov2/av0/rch/zesiu/0x4AAAAAAADnPIDROrmt1Wwj/light/fbE/new/normal?lang=auto:0
[    9185ms] [DIR]  Error @ https://challenges.cloudflare.com/cdn-cgi/challenge-platform/h/g/turnstile/f/ov2/av0/rch/zesiu/0x4AAAAAAADnPIDROrmt1Wwj/light/fbE/new/normal?lang=auto:0
[    9185ms] [DIR]  Error @ https://challenges.cloudflare.com/cdn-cgi/challenge-platform/h/g/turnstile/f/ov2/av0/rch/zesiu/0x4AAAAAAADnPIDROrmt1Wwj/light/fbE/new/normal?lang=auto:0
[    9185ms] [DIRXML] %c%d font-size:0;color:transparent Error @ https://challenges.cloudflare.com/cdn-cgi/challenge-platform/h/g/turnstile/f/ov2/av0/rch/zesiu/0x4AAAAAAADnPIDROrmt1Wwj/light/fbE/new/normal?lang=auto:0
[    9185ms] [DIRXML] %c%d font-size:0;color:transparent Error @ https://challenges.cloudflare.com/cdn-cgi/challenge-platform/h/g/turnstile/f/ov2/av0/rch/zesiu/0x4AAAAAAADnPIDROrmt1Wwj/light/fbE/new/normal?lang=auto:0
[    9185ms] [ERROR] %c%d font-size:0;color:transparent NaN @ https://challenges.cloudflare.com/cdn-cgi/challenge-platform/h/g/turnstile/f/ov2/av0/rch/zesiu/0x4AAAAAAADnPIDROrmt1Wwj/light/fbE/new/normal?lang=auto:0
[    9185ms] [ERROR] %c%d font-size:0;color:transparent NaN @ https://challenges.cloudflare.com/cdn-cgi/challenge-platform/h/g/turnstile/f/ov2/av0/rch/zesiu/0x4AAAAAAADnPIDROrmt1Wwj/light/fbE/new/normal?lang=auto:0
[    9186ms] [INFO] %c%d font-size:0;color:transparent NaN @ https://challenges.cloudflare.com/cdn-cgi/challenge-platform/h/g/turnstile/f/ov2/av0/rch/zesiu/0x4AAAAAAADnPIDROrmt1Wwj/light/fbE/new/normal?lang=auto:0
[    9186ms] [INFO] %c%d font-size:0;color:transparent NaN @ https://challenges.cloudflare.com/cdn-cgi/challenge-platform/h/g/turnstile/f/ov2/av0/rch/zesiu/0x4AAAAAAADnPIDROrmt1Wwj/light/fbE/new/normal?lang=auto:0
[    9186ms] [LOG] %c%d font-size:0;color:transparent NaN @ https://challenges.cloudflare.com/cdn-cgi/challenge-platform/h/g/turnstile/f/ov2/av0/rch/zesiu/0x4AAAAAAADnPIDROrmt1Wwj/light/fbE/new/normal?lang=auto:0
[    9186ms] [LOG] %c%d font-size:0;color:transparent NaN @ https://challenges.cloudflare.com/cdn-cgi/challenge-platform/h/g/turnstile/f/ov2/av0/rch/zesiu/0x4AAAAAAADnPIDROrmt1Wwj/light/fbE/new/normal?lang=auto:0
[    9186ms] [TABLE] %c%d font-size:0;color:transparent Error @ https://challenges.cloudflare.com/cdn-cgi/challenge-platform/h/g/turnstile/f/ov2/av0/rch/zesiu/0x4AAAAAAADnPIDROrmt1Wwj/light/fbE/new/normal?lang=auto:0
[    9186ms] [TABLE] %c%d font-size:0;color:transparent Error @ https://challenges.cloudflare.com/cdn-cgi/challenge-platform/h/g/turnstile/f/ov2/av0/rch/zesiu/0x4AAAAAAADnPIDROrmt1Wwj/light/fbE/new/normal?lang=auto:0
[    9186ms] [WARNING] %c%d font-size:0;color:transparent NaN @ https://challenges.cloudflare.com/cdn-cgi/challenge-platform/h/g/turnstile/f/ov2/av0/rch/zesiu/0x4AAAAAAADnPIDROrmt1Wwj/light/fbE/new/normal?lang=auto:0
[    9186ms] [WARNING] %c%d font-size:0;color:transparent NaN @ https://challenges.cloudflare.com/cdn-cgi/challenge-platform/h/g/turnstile/f/ov2/av0/rch/zesiu/0x4AAAAAAADnPIDROrmt1Wwj/light/fbE/new/normal?lang=auto:0
[    9258ms] [WARNING] Form submission canceled because the form is not connected @ https://challenges.cloudflare.com/cdn-cgi/challenge-platform/h/g/turnstile/f/ov2/av0/rch/zesiu/0x4AAAAAAADnPIDROrmt1Wwj/light/fbE/new/normal?lang=auto:0
[    9903ms] [ERROR] Loading the image 'https://e.snmc.io/2.5/img/sonemic.png' violates the following Content Security Policy directive: "img-src 'self' https://challenges.cloudflare.com". The action has been blocked. @ https://rateyourmusic.com/release/album/laibach/musick/?__cf_chl_tk=Iz6M8jrmft7eGynleHTjI3UtvtxtxiMmF_iN4R3My8A-1777837988-1.0.1.1-iE9xBN4ptEpQXzMMYECxZ2C3HoaLOoQXDQBieimaXZ0:0
[    9903ms] [ERROR] Loading the image 'https://e.snmc.io/2.5/img/sonemic.png' violates the following Content Security Policy directive: "img-src 'self' https://challenges.cloudflare.com". The action has been blocked. @ https://rateyourmusic.com/release/album/laibach/musick/?__cf_chl_tk=Iz6M8jrmft7eGynleHTjI3UtvtxtxiMmF_iN4R3My8A-1777837988-1.0.1.1-iE9xBN4ptEpQXzMMYECxZ2C3HoaLOoQXDQBieimaXZ0:0
[   10611ms] [LOG] rym.analytics: Google analytics pageview event sent. @ https://rateyourmusic.com/release/album/laibach/musick/:39
[   10743ms] [LOG] DOM loaded @ https://rateyourmusic.com/release/album/laibach/musick/:295
[   11110ms] [LOG] loading media link @ https://rateyourmusic.com/release/album/laibach/musick/:82
[   11110ms] [LOG] [IntersectionObserverEntry, IntersectionObserverEntry] [IntersectionObserverEntry, IntersectionObserverEntry] @ https://rateyourmusic.com/release/album/laibach/musick/:82
[   11199ms] [WARNING] [GPT] PubAdsService.setTargeting is deprecated, use googletag.setConfig({targeting: ...}) instead.
https://goo.gle/gpt-message#170 @ https://securepubads.g.doubleclick.net/pagead/managed/js/gpt/m202604220101/pubads_impl.js?cb=31098170:18
[   11391ms] [WARNING] [GPT] Using deprecated googletag.encryptedSignalProviders. Please use googletag.secureSignalProviders instead.
https://goo.gle/gpt-message#155 @ https://securepubads.g.doubleclick.net/pagead/managed/js/gpt/m202604220101/pubads_impl.js?cb=31098170:18
[   11443ms] [WARNING] [GPT] Invalid value encountered when calling: googletag.setConfig.targeting: {"pw_custom_logged_in":false}
https://goo.gle/gpt-message#159 @ https://securepubads.g.doubleclick.net/pagead/managed/js/gpt/m202604220101/pubads_impl.js?cb=31098170:18
[   11443ms] [WARNING] [GPT] Invalid value encountered when calling: googletag.setConfig.targeting: {"pw_custom_enable_floating":true}
https://goo.gle/gpt-message#159 @ https://securepubads.g.doubleclick.net/pagead/managed/js/gpt/m202604220101/pubads_impl.js?cb=31098170:18
[   11443ms] [WARNING] [GPT] Invalid value encountered when calling: googletag.setConfig.targeting: {"pw_custom_enable_adhesions":true}
https://goo.gle/gpt-message#159 @ https://securepubads.g.doubleclick.net/pagead/managed/js/gpt/m202604220101/pubads_impl.js?cb=31098170:18
[   11495ms] [WARNING] [GPT] Using deprecated googletag.encryptedSignalProviders. Please use googletag.secureSignalProviders instead.
https://goo.gle/gpt-message#155 @ https://securepubads.g.doubleclick.net/pagead/managed/js/gpt/m202604220101/pubads_impl.js?cb=31098170:18
[   11563ms] [ERROR] Attestation check for Protected Audience on https://hb.yellowblue.io failed. @ https://rateyourmusic.com/release/album/laibach/musick/:0
[   11563ms] [ERROR] Attestation check for Protected Audience on https://g2.gumgum.com failed. @ https://rateyourmusic.com/release/album/laibach/musick/:0
[   11563ms] [ERROR] Attestation check for Protected Audience on https://g2.gumgum.com failed. @ https://rateyourmusic.com/release/album/laibach/musick/:0
[   11563ms] [ERROR] Attestation check for Protected Audience on https://g2.gumgum.com failed. @ https://rateyourmusic.com/release/album/laibach/musick/:0
[   11563ms] [ERROR] Attestation check for Protected Audience on https://g2.gumgum.com failed. @ https://rateyourmusic.com/release/album/laibach/musick/:0
[   11563ms] [ERROR] Attestation check for Protected Audience on https://g2.gumgum.com failed. @ https://rateyourmusic.com/release/album/laibach/musick/:0
[   11563ms] [ERROR] Attestation check for Protected Audience on https://g2.gumgum.com failed. @ https://rateyourmusic.com/release/album/laibach/musick/:0
[   11563ms] [ERROR] Attestation check for Protected Audience on https://g2.gumgum.com failed. @ https://rateyourmusic.com/release/album/laibach/musick/:0
[   11563ms] [ERROR] Attestation check for Protected Audience on https://g2.gumgum.com failed. @ https://rateyourmusic.com/release/album/laibach/musick/:0
[   11563ms] [ERROR] Attestation check for Protected Audience on https://direct.adsrvr.org failed. @ https://rateyourmusic.com/release/album/laibach/musick/:0
[   11563ms] [ERROR] Attestation check for Protected Audience on https://tlx.3lift.com failed. @ https://rateyourmusic.com/release/album/laibach/musick/:0
[   11563ms] [ERROR] Attestation check for Protected Audience on https://btlr.sharethrough.com failed. @ https://rateyourmusic.com/release/album/laibach/musick/:0
[   11563ms] [ERROR] Attestation check for Protected Audience on https://btlr.sharethrough.com failed. @ https://rateyourmusic.com/release/album/laibach/musick/:0
[   11563ms] [ERROR] Attestation check for Protected Audience on https://btlr.sharethrough.com failed. @ https://rateyourmusic.com/release/album/laibach/musick/:0
[   11563ms] [ERROR] Attestation check for Protected Audience on https://btlr.sharethrough.com failed. @ https://rateyourmusic.com/release/album/laibach/musick/:0
[   11563ms] [ERROR] Attestation check for Protected Audience on https://btlr.sharethrough.com failed. @ https://rateyourmusic.com/release/album/laibach/musick/:0
[   11563ms] [ERROR] Attestation check for Protected Audience on https://btlr.sharethrough.com failed. @ https://rateyourmusic.com/release/album/laibach/musick/:0
[   11564ms] [ERROR] Attestation check for Protected Audience on https://btlr.sharethrough.com failed. @ https://rateyourmusic.com/release/album/laibach/musick/:0
[   11564ms] [ERROR] Attestation check for Protected Audience on https://btlr.sharethrough.com failed. @ https://rateyourmusic.com/release/album/laibach/musick/:0
[   11564ms] [ERROR] Attestation check for Protected Audience on https://exchange.cootlogix.com failed. @ https://rateyourmusic.com/release/album/laibach/musick/:0
[   11564ms] [ERROR] Attestation check for Protected Audience on https://exchange.cootlogix.com failed. @ https://rateyourmusic.com/release/album/laibach/musick/:0
[   11564ms] [ERROR] Attestation check for Protected Audience on https://exchange.cootlogix.com failed. @ https://rateyourmusic.com/release/album/laibach/musick/:0
[   11564ms] [ERROR] Attestation check for Protected Audience on https://exchange.cootlogix.com failed. @ https://rateyourmusic.com/release/album/laibach/musick/:0
[   11564ms] [ERROR] Attestation check for Protected Audience on https://exchange.cootlogix.com failed. @ https://rateyourmusic.com/release/album/laibach/musick/:0
[   11564ms] [ERROR] Attestation check for Protected Audience on https://exchange.cootlogix.com failed. @ https://rateyourmusic.com/release/album/laibach/musick/:0
[   11564ms] [ERROR] Attestation check for Protected Audience on https://exchange.cootlogix.com failed. @ https://rateyourmusic.com/release/album/laibach/musick/:0
[   11564ms] [ERROR] Attestation check for Protected Audience on https://exchange.cootlogix.com failed. @ https://rateyourmusic.com/release/album/laibach/musick/:0
[   11564ms] [ERROR] Attestation check for Protected Audience on https://c2shb.pubgw.yahoo.com failed. @ https://rateyourmusic.com/release/album/laibach/musick/:0
[   11564ms] [ERROR] Attestation check for Protected Audience on https://c2shb.pubgw.yahoo.com failed. @ https://rateyourmusic.com/release/album/laibach/musick/:0
[   11564ms] [ERROR] Attestation check for Protected Audience on https://c2shb.pubgw.yahoo.com failed. @ https://rateyourmusic.com/release/album/laibach/musick/:0
[   11564ms] [ERROR] Attestation check for Protected Audience on https://c2shb.pubgw.yahoo.com failed. @ https://rateyourmusic.com/release/album/laibach/musick/:0
[   11564ms] [ERROR] Attestation check for Protected Audience on https://c2shb.pubgw.yahoo.com failed. @ https://rateyourmusic.com/release/album/laibach/musick/:0
[   11564ms] [ERROR] Attestation check for Protected Audience on https://c2shb.pubgw.yahoo.com failed. @ https://rateyourmusic.com/release/album/laibach/musick/:0
[   11564ms] [ERROR] Attestation check for Protected Audience on https://c2shb.pubgw.yahoo.com failed. @ https://rateyourmusic.com/release/album/laibach/musick/:0
[   11564ms] [ERROR] Attestation check for Protected Audience on https://c2shb.pubgw.yahoo.com failed. @ https://rateyourmusic.com/release/album/laibach/musick/:0
[   11564ms] [ERROR] Attestation check for Protected Audience on https://htlb.casalemedia.com failed. @ https://rateyourmusic.com/release/album/laibach/musick/:0
[   11564ms] [ERROR] Attestation check for Protected Audience on https://fastlane.rubiconproject.com failed. @ https://rateyourmusic.com/release/album/laibach/musick/:0
[   11564ms] [ERROR] Attestation check for Protected Audience on https://fastlane.rubiconproject.com failed. @ https://rateyourmusic.com/release/album/laibach/musick/:0
[   11564ms] [ERROR] Attestation check for Protected Audience on https://fastlane.rubiconproject.com failed. @ https://rateyourmusic.com/release/album/laibach/musick/:0
[   11564ms] [ERROR] Attestation check for Protected Audience on https://fastlane.rubiconproject.com failed. @ https://rateyourmusic.com/release/album/laibach/musick/:0
[   11564ms] [ERROR] Attestation check for Protected Audience on https://fastlane.rubiconproject.com failed. @ https://rateyourmusic.com/release/album/laibach/musick/:0
[   11564ms] [ERROR] Attestation check for Protected Audience on https://fastlane.rubiconproject.com failed. @ https://rateyourmusic.com/release/album/laibach/musick/:0
[   11564ms] [ERROR] Attestation check for Protected Audience on https://fastlane.rubiconproject.com failed. @ https://rateyourmusic.com/release/album/laibach/musick/:0
[   11564ms] [ERROR] Attestation check for Protected Audience on https://fastlane.rubiconproject.com failed. @ https://rateyourmusic.com/release/album/laibach/musick/:0
[   11564ms] [ERROR] Attestation check for Protected Audience on https://ib.adnxs.com failed. @ https://rateyourmusic.com/release/album/laibach/musick/:0
[   11564ms] [ERROR] Attestation check for Protected Audience on https://rtb.openx.net failed. @ https://rateyourmusic.com/release/album/laibach/musick/:0
[   11572ms] [ERROR] Attestation check for Protected Audience on https://grid-bidder.criteo.com failed. @ https://rateyourmusic.com/release/album/laibach/musick/:0
[   11572ms] [ERROR] Attestation check for Protected Audience on https://hbopenbid.pubmatic.com failed. @ https://rateyourmusic.com/release/album/laibach/musick/:0
[   11575ms] [ERROR] Access to fetch at 'https://api.rlcdn.com/api/identity/envelope?pid=13250' from origin 'https://rateyourmusic.com' has been blocked by CORS policy: No 'Access-Control-Allow-Origin' header is present on the requested resource. @ https://rateyourmusic.com/release/album/laibach/musick/:0
[   11576ms] [ERROR] Failed to load resource: net::ERR_FAILED @ https://api.rlcdn.com/api/identity/envelope?pid=13250:0
[   12094ms] [ERROR] Attestation check for Protected Audience on https://btlr.sharethrough.com failed. @ https://rateyourmusic.com/release/album/laibach/musick/:0
[   12094ms] [ERROR] Attestation check for Protected Audience on https://ib.adnxs.com failed. @ https://rateyourmusic.com/release/album/laibach/musick/:0
[   12094ms] [ERROR] Attestation check for Protected Audience on https://tlx.3lift.com failed. @ https://rateyourmusic.com/release/album/laibach/musick/:0
[   12094ms] [ERROR] Attestation check for Protected Audience on https://direct.adsrvr.org failed. @ https://rateyourmusic.com/release/album/laibach/musick/:0
[   12094ms] [ERROR] Attestation check for Protected Audience on https://prebid-server.rubiconproject.com failed. @ https://rateyourmusic.com/release/album/laibach/musick/:0
[   12094ms] [ERROR] Attestation check for Protected Audience on https://rtb.openx.net failed. @ https://rateyourmusic.com/release/album/laibach/musick/:0
[   12094ms] [ERROR] Attestation check for Protected Audience on https://htlb.casalemedia.com failed. @ https://rateyourmusic.com/release/album/laibach/musick/:0
[   12094ms] [ERROR] Attestation check for Protected Audience on https://exchange.cootlogix.com failed. @ https://rateyourmusic.com/release/album/laibach/musick/:0
[   12094ms] [ERROR] Attestation check for Protected Audience on https://hb.yellowblue.io failed. @ https://rateyourmusic.com/release/album/laibach/musick/:0
[   12095ms] [ERROR] Attestation check for Protected Audience on https://hbopenbid.pubmatic.com failed. @ https://rateyourmusic.com/release/album/laibach/musick/:0
[   12096ms] [ERROR] Attestation check for Protected Audience on https://grid-bidder.criteo.com failed. @ https://rateyourmusic.com/release/album/laibach/musick/:0
[   12269ms] [WARNING] [GPT] Slot.setTargeting is deprecated, use Slot.setConfig({targeting: ...}) instead.
https://goo.gle/gpt-message#171 @ https://securepubads.g.doubleclick.net/pagead/managed/js/gpt/m202604220101/pubads_impl.js?cb=31098170:18
[   12271ms] [WARNING] Invalid GPT fixed size specification: [] @ https://securepubads.g.doubleclick.net/pagead/managed/js/gpt/m202604220101/pubads_impl.js?cb=31098170:18
[   12305ms] [LOG] $Z @ https://cdn.intergient.com/pageos/V.2.5.78/main.29f6544df4c4305e0612.js:1
[   12306ms] [LOG] $Z @ https://cdn.intergient.com/pageos/V.2.5.78/main.29f6544df4c4305e0612.js:1
[   12315ms] [LOG] $Z @ https://cdn.intergient.com/pageos/V.2.5.78/main.29f6544df4c4305e0612.js:1
[   12355ms] [WARNING] [Audigent] cannot find __gpp framework @ https://a.ad.gt/api/v1/u/matches/403?_it=amazon:0
[   12877ms] [ERROR] Failed to load resource: the server responded with a status of 400 () @ https://match.prod.bidr.io/cookie-sync/syn:0
[   13167ms] [ERROR] Failed to load resource: the server responded with a status of 400 () @ https://match.prod.bidr.io/cookie-sync/ox?gdpr=0&gdpr_consent=%5BGDPR_CONSENT%5D:0
[   13274ms] [ERROR] Failed to load resource: net::ERR_CERT_DATE_INVALID @ https://tracker.adex-rtb.com/sync?id=1&uid=10AC10DAD2574215A287C7339FF2536B:0
[   13342ms] [ERROR] Failed to load resource: the server responded with a status of 404 () @ https://cs.krushmedia.com/4831fbf13dd518a56346a6e0ec8ba9d5.gif?puid=ID5-1-554001aa-f207-4fa5-9215-974a5eb31ff2&redir=https%3A%2F%2Fsync.inmobi.com%2Fsetuid%3FbidderID%3D1315%26dspUserId%3D%5BUID%5D&gdpr=0&gdpr_consent=:0
[   13522ms] [ERROR] Failed to load resource: the server responded with a status of 400 () @ https://match.prod.bidr.io/cookie-sync/pm?gdpr=0&gdpr_consent=[GDPR_CONSENT]&us_privacy=1NNN&gpp=[GPP]&gpp_sid=[GPP_SID]:0
[   13167ms] [ERROR] Failed to load resource: the server responded with a status of 400 () @ https://match.prod.bidr.io/cookie-sync/ox?gdpr=0&gdpr_consent=%5BGDPR_CONSENT%5D:0
[   13657ms] [ERROR] Failed to load resource: the server responded with a status of 400 (Bad Request) @ https://sync.e-volution.ai/a184e2218ea9f18e32c70fb304405e72.gif?puid=ID5-1-554001aa-f207-4fa5-9215-974a5eb31ff2&redir=https%3A%2F%2Fsync.inmobi.com%2Fsetuid%3FbidderID%3D957%26dspUserId%3D%5BUID%5D&gdpr=0&gdpr_consent=:0
[   13703ms] [ERROR] Attestation check for Shared Storage on https://www.googleadservices.com failed. @ https://www.googleadservices.com/pagead/managed/js/activeview/current/reach_worklet.html:0
[   13707ms] [ERROR] Attestation check for Shared Storage on https://www.googleadservices.com failed. @ https://www.googleadservices.com/pagead/managed/js/activeview/current/reach_worklet.html:0
[   14068ms] [ERROR] Failed to load resource: the server responded with a status of 400 () @ https://cm.mgid.com/m?cdsp=834149&c=51aebed0-031f-4828-b75f-05cef251ec5d:0
[   14086ms] [ERROR] Attestation check for Shared Storage on https://securepubads.g.doubleclick.net failed. @ https://imasdk.googleapis.com/js/core/bridge3.761.0_en.html#deid=%22%22&eventfe_experiment_ids=%5B%5D&fid=%22goog_1440732423%22&genotype_experiment_data=%7B%22experimentStateProto%22%3A%22%5B%5B%5B45713128%2Cnull%2Cnull%2C%5B%5D%5D%2C%5Bnull%2C745150931%2Cnull%2C%5Bnull%2C1%5D%5D%2C%5Bnull%2C749060184%2Cnull%2C%5Bnull%2C128%5D%5D%2C%5B841585769%2Cnull%2Cnull%2C%5B1%5D%5D%2C%5B45761044%2Cnull%2Cnull%2C%5B%5D%5D%2C%5B45722344%2Cnull%2Cnull%2C%5B%5D%5D%2C%5B45706017%2Cnull%2Cnull%2C%5B1%5D%5D%2C%5B45774999%2Cnull%2Cnull%2C%5B%5D%5D%2C%5B45776042%2Cnull%2Cnull%2C%5B%5D%5D%2C%5B45668885%2Cnull%2Cnull%2C%5B%5D%5D%2C%5B45685340%2Cnull%2Cnull%2C%5B%5D%5D%2C%5B45765927%2Cnull%2Cnull%2C%5B%5D%5D%2C%5B45734716%2Cnull%2Cnull%2C%5B%5D%5D%2C%5B45735891%2Cnull%2Cnull%2C%5B%5D%5D%2C%5B45663239%2Cnull%2Cnull%2C%5B%5D%5D%2C%5B45715032%2Cnull%2Cnull%2C%5B1%5D%5D%2C%5B45661356%2Cnull%2Cnull%2C%5B%5D%5D%2C%5B839547366%2Cnull%2Cnull%2C%5B1%5D%5D%2C%5B45676441%2Cnull%2Cnull%2C%5B%5D%5D%2C%5Bnull%2C45645574%2Cnull%2C%5B%5D%5D%2C%5B45688859%2Cnull%2Cnull%2C%5B%5D%5D%2C%5B45656766%2Cnull%2Cnull%2C%5B%5D%5D%2C%5B45710689%2Cnull%2Cnull%2C%5B%5D%5D%2C%5B45710688%2Cnull%2Cnull%2C%5B1%5D%5D%2C%5B45685601%2Cnull%2Cnull%2C%5B%5D%5D%2C%5Bnull%2C45685602%2Cnull%2C%5Bnull%2C500%5D%5D%2C%5Bnull%2C45767902%2Cnull%2C%5Bnull%2C500%5D%5D%2C%5B45756824%2Cnull%2Cnull%2C%5B%5D%5D%2C%5B45747172%2Cnull%2Cnull%2C%5B%5D%5D%2C%5B775241416%2Cnull%2Cnull%2C%5B%5D%5D%2C%5B781107959%2Cnull%2Cnull%2C%5B%5D%5D%2C%5B781107958%2Cnull%2Cnull%2C%5B%5D%5D%2C%5B792614055%2Cnull%2Cnull%2C%5B%5D%5D%2C%5B781107957%2Cnull%2Cnull%2C%5B%5D%5D%2C%5B45729602%2Cnull%2Cnull%2C%5B%5D%5D%2C%5B45753603%2Cnull%2Cnull%2C%5B%5D%5D%2C%5B45753604%2Cnull%2Cnull%2C%5B%5D%5D%5D%2C%5B%5B16%2C%5B%5B1%2C%5B%5B31089630%5D%2C%5B31089631%2C%5B%5B45668885%2Cnull%2Cnull%2C%5B1%5D%5D%5D%5D%5D%5D%2C%5B1000%2C%5B%5B95332046%5D%5D%5D%2C%5Bnull%2C%5B%5B95332047%5D%5D%5D%2C%5B10%2C%5B%5B95338769%2C%5B%5Bnull%2C45645574%2Cnull%2C%5Bnull%2C1%5D%5D%5D%5D%2C%5B95338770%2C%5B%5Bnull%2C45645574%2Cnull%2C%5Bnull%2C2%5D%5D%5D%5D%5D%5D%2C%5B50%2C%5B%5B95345206%5D%2C%5B95345207%2C%5B%5B45661356%2Cnull%2Cnull%2C%5B1%5D%5D%5D%5D%5D%5D%2C%5B1%2C%5B%5B95351425%5D%2C%5B95351426%2C%5B%5B45676441%2Cnull%2Cnull%2C%5B1%5D%5D%5D%5D%5D%5D%2C%5B1%2C%5B%5B95373378%2C%5B%5B792614055%2Cnull%2Cnull%2C%5B1%5D%5D%5D%5D%2C%5B95373379%2C%5B%5B45747172%2Cnull%2Cnull%2C%5B1%5D%5D%2C%5B781107959%2Cnull%2Cnull%2C%5B1%5D%5D%2C%5B792614055%2Cnull%2Cnull%2C%5B1%5D%5D%2C%5B781107957%2Cnull%2Cnull%2C%5B1%5D%5D%5D%5D%5D%5D%2C%5B10%2C%5B%5B95378629%5D%2C%5B95378630%2C%5B%5B45729602%2Cnull%2Cnull%2C%5B1%5D%5D%5D%5D%2C%5B95381582%2C%5B%5B45729602%2Cnull%2Cnull%2C%5B1%5D%5D%2C%5B45753603%2Cnull%2Cnull%2C%5B1%5D%5D%5D%5D%2C%5B95381583%2C%5B%5B45729602%2Cnull%2Cnull%2C%5B1%5D%5D%2C%5B45753604%2Cnull%2Cnull%2C%5B1%5D%5D%5D%5D%5D%5D%2C%5B50%2C%5B%5B95382403%5D%2C%5B95386528%2C%5B%5Bnull%2C45767902%2Cnull%2C%5B%5D%5D%2C%5B45756824%2Cnull%2Cnull%2C%5B1%5D%5D%5D%5D%5D%5D%2C%5Bnull%2C%5B%5B95385193%5D%2C%5B95385194%2C%5B%5B45765927%2Cnull%2Cnull%2C%5B1%5D%5D%5D%5D%5D%5D%2C%5B50%2C%5B%5B95387816%5D%2C%5B95387817%2C%5B%5B45774999%2Cnull%2Cnull%2C%5B1%5D%5D%5D%5D%5D%5D%2C%5B10%2C%5B%5B95388078%5D%2C%5B95388079%2C%5B%5B45776042%2Cnull%2Cnull%2C%5B1%5D%5D%5D%5D%5D%5D%2C%5B10%2C%5B%5B95389581%5D%2C%5B95389582%2C%5B%5B635466687%2Cnull%2Cnull%2C%5B1%5D%5D%5D%5D%5D%5D%5D%5D%5D%2Cnull%2Cnull%2C%5Bnull%2C1000%2C1%2C1000%5D%5D%22%7D&imalib_experiments=%5B44733246%2C95322027%2C95331589%2C95332046%5D&is_eap_loader=false&managed_js_experiment_id=0&page_correlator=73342189945803&pvsid=3551272997406058&top_accessible_page_url=%22https%3A%2F%2Frateyourmusic.com%2Frelease%2Falbum%2Flaibach%2Fmusick%2F%22:0
[   14884ms] [ERROR] Failed to load resource: the server responded with a status of 422 () @ https://match.sharethrough.com/FGMrCMMc/v1?gdpr=&gdpr_consent=&us_privacy=1NNY&gpp=&gpp_sid=&redirectUri=https%3A%2F%2Fpbs.intergient.com%2Fsetuid%3Fbidder%3Dsharethrough%26gdpr%3D%26gdpr_consent%3D%26gpp%3D%26gpp_sid%3D%26f%3Di%26uid%3D%24UID:0
[   16439ms] [ERROR] Failed to load resource: the server responded with a status of 400 (Bad Request) @ https://cpm.vistarsagency.com/user-sync?zone=354281%20&t=image&r=https://image2.pubmatic.com/AdServer/Pug?vcode=bz0yJnR5cGU9MSZjb2RlPTQxNTcmdGw9MTI5NjAw&piggybackCookie={UID}&gdpr=0&gdpr_consent=&us_privacy=&gpp=&gpp_sid=&ccpa=[CCPA]:0
[   16439ms] [ERROR] Failed to load resource: the server responded with a status of 400 (Bad Request) @ https://cpm.vistarsagency.com/user-sync?zone=354281%20&t=image&r=https://image2.pubmatic.com/AdServer/Pug?vcode=bz0yJnR5cGU9MSZjb2RlPTQxNTcmdGw9MTI5NjAw&piggybackCookie={UID}&gdpr=0&gdpr_consent=&us_privacy=&gpp=&gpp_sid=&ccpa=[CCPA]:0
[   16442ms] [ERROR] Failed to load resource: the server responded with a status of 400 (Bad Request) @ https://cpm.vistarsagency.com/user-sync?zone=354281%20&t=image&r=https://image2.pubmatic.com/AdServer/Pug?vcode=bz0yJnR5cGU9MSZjb2RlPTQxNTcmdGw9MTI5NjAw&piggybackCookie={UID}&gdpr=0&gdpr_consent=&us_privacy=1NNY&gpp=&gpp_sid=&ccpa=[CCPA]:0
[   16439ms] [ERROR] Failed to load resource: the server responded with a status of 400 (Bad Request) @ https://cpm.vistarsagency.com/user-sync?zone=354281%20&t=image&r=https://image2.pubmatic.com/AdServer/Pug?vcode=bz0yJnR5cGU9MSZjb2RlPTQxNTcmdGw9MTI5NjAw&piggybackCookie={UID}&gdpr=0&gdpr_consent=&us_privacy=&gpp=&gpp_sid=&ccpa=[CCPA]:0
[   16442ms] [ERROR] Failed to load resource: the server responded with a status of 400 (Bad Request) @ https://cpm.vistarsagency.com/user-sync?zone=354281%20&t=image&r=https://image2.pubmatic.com/AdServer/Pug?vcode=bz0yJnR5cGU9MSZjb2RlPTQxNTcmdGw9MTI5NjAw&piggybackCookie={UID}&gdpr=0&gdpr_consent=&us_privacy=1NNY&gpp=&gpp_sid=&ccpa=[CCPA]:0
[   16463ms] [ERROR] Failed to load resource: the server responded with a status of 400 (Bad Request) @ https://cpm.vistarsagency.com/user-sync?zone=354281%20&t=image&r=https://image2.pubmatic.com/AdServer/Pug?vcode=bz0yJnR5cGU9MSZjb2RlPTQxNTcmdGw9MTI5NjAw&piggybackCookie={UID}&gdpr=0&gdpr_consent=[GDPR_CONSENT]&us_privacy=1NNN&gpp=[GPP]&gpp_sid=[GPP_SID]&ccpa=[CCPA]:0
[   14068ms] [ERROR] Failed to load resource: the server responded with a status of 400 () @ https://cm.mgid.com/m?cdsp=834149&c=51aebed0-031f-4828-b75f-05cef251ec5d:0
[   20808ms] [LOG] rym.analytics: Google analytics pageview event sent. @ https://rateyourmusic.com/account/login:31
[   20822ms] [LOG] DOM loaded @ https://rateyourmusic.com/account/login:249
[   20824ms] [VERBOSE] [DOM] Input elements should have autocomplete attributes (suggested: "current-password"): (More info: https://goo.gl/9p2vKq) %o @ https://rateyourmusic.com/account/login:0
[   25325ms] [LOG] rym.analytics: Google analytics pageview event sent. @ https://rateyourmusic.com/release/album/laibach/musick/:39
[   25386ms] [LOG] DOM loaded @ https://rateyourmusic.com/release/album/laibach/musick/:295
[   25460ms] [LOG] [IntersectionObserverEntry, IntersectionObserverEntry] [IntersectionObserverEntry, IntersectionObserverEntry] @ https://rateyourmusic.com/release/album/laibach/musick/:82
[   25460ms] [LOG] loading media link @ https://rateyourmusic.com/release/album/laibach/musick/:82
[   25485ms] [WARNING] [GPT] PubAdsService.setTargeting is deprecated, use googletag.setConfig({targeting: ...}) instead.
https://goo.gle/gpt-message#170 @ https://securepubads.g.doubleclick.net/pagead/managed/js/gpt/m202604220101/pubads_impl.js?cb=31098170:18
[   25490ms] [WARNING] [GPT] Using deprecated googletag.encryptedSignalProviders. Please use googletag.secureSignalProviders instead.
https://goo.gle/gpt-message#155 @ https://securepubads.g.doubleclick.net/pagead/managed/js/gpt/m202604220101/pubads_impl.js?cb=31098170:18
[   25624ms] [WARNING] [GPT] Invalid value encountered when calling: googletag.setConfig.targeting: {"pw_custom_logged_in":false}
https://goo.gle/gpt-message#159 @ https://securepubads.g.doubleclick.net/pagead/managed/js/gpt/m202604220101/pubads_impl.js?cb=31098170:18
[   25624ms] [WARNING] [GPT] Invalid value encountered when calling: googletag.setConfig.targeting: {"pw_custom_enable_floating":true}
https://goo.gle/gpt-message#159 @ https://securepubads.g.doubleclick.net/pagead/managed/js/gpt/m202604220101/pubads_impl.js?cb=31098170:18
[   25624ms] [WARNING] [GPT] Invalid value encountered when calling: googletag.setConfig.targeting: {"pw_custom_enable_adhesions":true}
https://goo.gle/gpt-message#159 @ https://securepubads.g.doubleclick.net/pagead/managed/js/gpt/m202604220101/pubads_impl.js?cb=31098170:18
[   25734ms] [ERROR] Attestation check for Protected Audience on https://rtb.openx.net failed. @ https://rateyourmusic.com/release/album/laibach/musick/:0
[   25734ms] [ERROR] Attestation check for Protected Audience on https://g2.gumgum.com failed. @ https://rateyourmusic.com/release/album/laibach/musick/:0
[   25734ms] [ERROR] Attestation check for Protected Audience on https://g2.gumgum.com failed. @ https://rateyourmusic.com/release/album/laibach/musick/:0
[   25734ms] [ERROR] Attestation check for Protected Audience on https://g2.gumgum.com failed. @ https://rateyourmusic.com/release/album/laibach/musick/:0
[   25734ms] [ERROR] Attestation check for Protected Audience on https://g2.gumgum.com failed. @ https://rateyourmusic.com/release/album/laibach/musick/:0
[   25734ms] [ERROR] Attestation check for Protected Audience on https://g2.gumgum.com failed. @ https://rateyourmusic.com/release/album/laibach/musick/:0
[   25734ms] [ERROR] Attestation check for Protected Audience on https://g2.gumgum.com failed. @ https://rateyourmusic.com/release/album/laibach/musick/:0
[   25734ms] [ERROR] Attestation check for Protected Audience on https://g2.gumgum.com failed. @ https://rateyourmusic.com/release/album/laibach/musick/:0
[   25734ms] [ERROR] Attestation check for Protected Audience on https://g2.gumgum.com failed. @ https://rateyourmusic.com/release/album/laibach/musick/:0
[   25734ms] [ERROR] Attestation check for Protected Audience on https://hb.yellowblue.io failed. @ https://rateyourmusic.com/release/album/laibach/musick/:0
[   25735ms] [ERROR] Attestation check for Protected Audience on https://ib.adnxs.com failed. @ https://rateyourmusic.com/release/album/laibach/musick/:0
[   25735ms] [ERROR] Attestation check for Protected Audience on https://exchange.cootlogix.com failed. @ https://rateyourmusic.com/release/album/laibach/musick/:0
[   25735ms] [ERROR] Attestation check for Protected Audience on https://exchange.cootlogix.com failed. @ https://rateyourmusic.com/release/album/laibach/musick/:0
[   25735ms] [ERROR] Attestation check for Protected Audience on https://exchange.cootlogix.com failed. @ https://rateyourmusic.com/release/album/laibach/musick/:0
[   25735ms] [ERROR] Attestation check for Protected Audience on https://exchange.cootlogix.com failed. @ https://rateyourmusic.com/release/album/laibach/musick/:0
[   25735ms] [ERROR] Attestation check for Protected Audience on https://exchange.cootlogix.com failed. @ https://rateyourmusic.com/release/album/laibach/musick/:0
[   25735ms] [ERROR] Attestation check for Protected Audience on https://exchange.cootlogix.com failed. @ https://rateyourmusic.com/release/album/laibach/musick/:0
[   25735ms] [ERROR] Attestation check for Protected Audience on https://exchange.cootlogix.com failed. @ https://rateyourmusic.com/release/album/laibach/musick/:0
[   25735ms] [ERROR] Attestation check for Protected Audience on https://exchange.cootlogix.com failed. @ https://rateyourmusic.com/release/album/laibach/musick/:0
[   25735ms] [ERROR] Attestation check for Protected Audience on https://direct.adsrvr.org failed. @ https://rateyourmusic.com/release/album/laibach/musick/:0
[   25735ms] [ERROR] Attestation check for Protected Audience on https://c2shb.pubgw.yahoo.com failed. @ https://rateyourmusic.com/release/album/laibach/musick/:0
[   25735ms] [ERROR] Attestation check for Protected Audience on https://c2shb.pubgw.yahoo.com failed. @ https://rateyourmusic.com/release/album/laibach/musick/:0
[   25735ms] [ERROR] Attestation check for Protected Audience on https://c2shb.pubgw.yahoo.com failed. @ https://rateyourmusic.com/release/album/laibach/musick/:0
[   25735ms] [ERROR] Attestation check for Protected Audience on https://c2shb.pubgw.yahoo.com failed. @ https://rateyourmusic.com/release/album/laibach/musick/:0
[   25735ms] [ERROR] Attestation check for Protected Audience on https://c2shb.pubgw.yahoo.com failed. @ https://rateyourmusic.com/release/album/laibach/musick/:0
[   25735ms] [ERROR] Attestation check for Protected Audience on https://c2shb.pubgw.yahoo.com failed. @ https://rateyourmusic.com/release/album/laibach/musick/:0
[   25735ms] [ERROR] Attestation check for Protected Audience on https://c2shb.pubgw.yahoo.com failed. @ https://rateyourmusic.com/release/album/laibach/musick/:0
[   25735ms] [ERROR] Attestation check for Protected Audience on https://c2shb.pubgw.yahoo.com failed. @ https://rateyourmusic.com/release/album/laibach/musick/:0
[   25735ms] [ERROR] Attestation check for Protected Audience on https://btlr.sharethrough.com failed. @ https://rateyourmusic.com/release/album/laibach/musick/:0
[   25735ms] [ERROR] Attestation check for Protected Audience on https://btlr.sharethrough.com failed. @ https://rateyourmusic.com/release/album/laibach/musick/:0
[   25735ms] [ERROR] Attestation check for Protected Audience on https://btlr.sharethrough.com failed. @ https://rateyourmusic.com/release/album/laibach/musick/:0
[   25735ms] [ERROR] Attestation check for Protected Audience on https://btlr.sharethrough.com failed. @ https://rateyourmusic.com/release/album/laibach/musick/:0
[   25735ms] [ERROR] Attestation check for Protected Audience on https://btlr.sharethrough.com failed. @ https://rateyourmusic.com/release/album/laibach/musick/:0
[   25735ms] [ERROR] Attestation check for Protected Audience on https://btlr.sharethrough.com failed. @ https://rateyourmusic.com/release/album/laibach/musick/:0
[   25735ms] [ERROR] Attestation check for Protected Audience on https://btlr.sharethrough.com failed. @ https://rateyourmusic.com/release/album/laibach/musick/:0
[   25735ms] [ERROR] Attestation check for Protected Audience on https://btlr.sharethrough.com failed. @ https://rateyourmusic.com/release/album/laibach/musick/:0
[   25735ms] [ERROR] Attestation check for Protected Audience on https://tlx.3lift.com failed. @ https://rateyourmusic.com/release/album/laibach/musick/:0
[   25735ms] [ERROR] Attestation check for Protected Audience on https://htlb.casalemedia.com failed. @ https://rateyourmusic.com/release/album/laibach/musick/:0
[   25735ms] [ERROR] Attestation check for Protected Audience on https://fastlane.rubiconproject.com failed. @ https://rateyourmusic.com/release/album/laibach/musick/:0
[   25735ms] [ERROR] Attestation check for Protected Audience on https://fastlane.rubiconproject.com failed. @ https://rateyourmusic.com/release/album/laibach/musick/:0
[   25735ms] [ERROR] Attestation check for Protected Audience on https://fastlane.rubiconproject.com failed. @ https://rateyourmusic.com/release/album/laibach/musick/:0
[   25735ms] [ERROR] Attestation check for Protected Audience on https://fastlane.rubiconproject.com failed. @ https://rateyourmusic.com/release/album/laibach/musick/:0
[   25735ms] [ERROR] Attestation check for Protected Audience on https://fastlane.rubiconproject.com failed. @ https://rateyourmusic.com/release/album/laibach/musick/:0
[   25735ms] [ERROR] Attestation check for Protected Audience on https://fastlane.rubiconproject.com failed. @ https://rateyourmusic.com/release/album/laibach/musick/:0
[   25735ms] [ERROR] Attestation check for Protected Audience on https://fastlane.rubiconproject.com failed. @ https://rateyourmusic.com/release/album/laibach/musick/:0
[   25735ms] [ERROR] Attestation check for Protected Audience on https://fastlane.rubiconproject.com failed. @ https://rateyourmusic.com/release/album/laibach/musick/:0
[   25746ms] [ERROR] Attestation check for Protected Audience on https://hbopenbid.pubmatic.com failed. @ https://rateyourmusic.com/release/album/laibach/musick/:0
[   25746ms] [ERROR] Attestation check for Protected Audience on https://grid-bidder.criteo.com failed. @ https://rateyourmusic.com/release/album/laibach/musick/:0
[   25825ms] [ERROR] Failed to load resource: the server responded with a status of 422 () @ https://match.sharethrough.com/FGMrCMMc/v1?gdpr=&gdpr_consent=&us_privacy=1NNY&gpp=&gpp_sid=&redirectUri=https%3A%2F%2Fpbs.intergient.com%2Fsetuid%3Fbidder%3Dsharethrough%26gdpr%3D%26gdpr_consent%3D%26gpp%3D%26gpp_sid%3D%26f%3Di%26uid%3D%24UID:0
[   26267ms] [ERROR] Attestation check for Protected Audience on https://exchange.cootlogix.com failed. @ https://rateyourmusic.com/release/album/laibach/musick/:0
[   26267ms] [ERROR] Attestation check for Protected Audience on https://ib.adnxs.com failed. @ https://rateyourmusic.com/release/album/laibach/musick/:0
[   26267ms] [ERROR] Attestation check for Protected Audience on https://tlx.3lift.com failed. @ https://rateyourmusic.com/release/album/laibach/musick/:0
[   26267ms] [ERROR] Attestation check for Protected Audience on https://direct.adsrvr.org failed. @ https://rateyourmusic.com/release/album/laibach/musick/:0
[   26267ms] [ERROR] Attestation check for Protected Audience on https://rtb.openx.net failed. @ https://rateyourmusic.com/release/album/laibach/musick/:0
[   26267ms] [ERROR] Attestation check for Protected Audience on https://btlr.sharethrough.com failed. @ https://rateyourmusic.com/release/album/laibach/musick/:0
[   26267ms] [ERROR] Attestation check for Protected Audience on https://hb.yellowblue.io failed. @ https://rateyourmusic.com/release/album/laibach/musick/:0
[   26267ms] [ERROR] Attestation check for Protected Audience on https://prebid-server.rubiconproject.com failed. @ https://rateyourmusic.com/release/album/laibach/musick/:0
[   26267ms] [ERROR] Attestation check for Protected Audience on https://htlb.casalemedia.com failed. @ https://rateyourmusic.com/release/album/laibach/musick/:0
[   26270ms] [ERROR] Attestation check for Protected Audience on https://grid-bidder.criteo.com failed. @ https://rateyourmusic.com/release/album/laibach/musick/:0
[   26270ms] [ERROR] Attestation check for Protected Audience on https://hbopenbid.pubmatic.com failed. @ https://rateyourmusic.com/release/album/laibach/musick/:0
[   26425ms] [WARNING] [Audigent] cannot find __gpp framework @ https://a.ad.gt/api/v1/u/matches/403?_it=amazon:0
[   26648ms] [WARNING] [GPT] Slot.setTargeting is deprecated, use Slot.setConfig({targeting: ...}) instead.
https://goo.gle/gpt-message#171 @ https://securepubads.g.doubleclick.net/pagead/managed/js/gpt/m202604220101/pubads_impl.js?cb=31098170:18
[   26650ms] [WARNING] Invalid GPT fixed size specification: [] @ https://securepubads.g.doubleclick.net/pagead/managed/js/gpt/m202604220101/pubads_impl.js?cb=31098170:18
[   26674ms] [LOG] $Z @ https://cdn.intergient.com/pageos/V.2.5.78/main.29f6544df4c4305e0612.js:1
[   26675ms] [LOG] $Z @ https://cdn.intergient.com/pageos/V.2.5.78/main.29f6544df4c4305e0612.js:1
[   26679ms] [LOG] $Z @ https://cdn.intergient.com/pageos/V.2.5.78/main.29f6544df4c4305e0612.js:1
[   26751ms] [ERROR] Mixed Content: The page at 'https://rateyourmusic.com/release/album/laibach/musick/' was loaded over HTTPS, but requested an insecure frame 'http://sync.pmbmonetize.live/psync?t=s&e=247&gdpr=&gdpr_consent=&us_privacy=1NNY&gpp=&gpp_sid=&cb=https%3A%2F%2Fcookies.nextmillmedia.com%2Fsetuid%3Fbidder%3Dadipolo%26nmuid%3D%26gdpr%3D%26gdpr_consent%3D%26us_privacy%3D1NNY%26uid%3D%25USER_ID%25'. This request has been blocked; the content must be served over HTTPS. @ https://cookies.nextmillmedia.com/sync?gdpr=&gdpr_consent=&us_privacy=1NNY&redirect=https%3A%2F%2Fsync.cootlogix.com%2Fapi%2Fcookie%3FpartnerId%3Dnextmillmedia%26userId%3D%5BNMUID%5D%26gdpr%3D%26gdpr_consent%3D%26us_privacy%3D1NNY:42
[   26751ms] [ERROR] Mixed Content: The page at 'https://rateyourmusic.com/release/album/laibach/musick/' was loaded over HTTPS, but requested an insecure frame 'http://sync.pmbmonetize.live/psync?t=s&e=247&gdpr=&gdpr_consent=&us_privacy=1NNY&gpp=&gpp_sid=&cb=https%3A%2F%2Fcookies.nextmillmedia.com%2Fsetuid%3Fbidder%3Dadipolo%26nmuid%3D%26gdpr%3D%26gdpr_consent%3D%26us_privacy%3D1NNY%26uid%3D%25USER_ID%25'. This request has been blocked; the content must be served over HTTPS. @ https://cookies.nextmillmedia.com/sync?gdpr=&gdpr_consent=&us_privacy=1NNY&redirect=https%3A%2F%2Fsync.cootlogix.com%2Fapi%2Fcookie%3FpartnerId%3Dnextmillmedia%26userId%3D%5BNMUID%5D%26gdpr%3D%26gdpr_consent%3D%26us_privacy%3D1NNY:42
[   27173ms] [ERROR] Failed to load resource: the server responded with a status of 404 (Not Found) @ https://sync.colossusssp.com/vdz.gif?puid=4a470a16-e74d-9a85-65c2-acbda1d9e921&redir=https%3A%2F%2Fsync.cootlogix.com%2Fapi%2Fcookie%3FpartnerId%3Dcolossus%26gdpr%3D%26gdpr_consent%3D%26us_privacy%3D1NNY%26userId%3D%5BUID%5D:0
[   27326ms] [ERROR] Failed to load resource: the server responded with a status of 404 (Not Found) @ https://sync.colossusssp.com/vdz.gif?puid=4a470a16-e74d-9a85-65c2-acbda1d9e921&redir=https%3A%2F%2Fsync.cootlogix.com%2Fapi%2Fcookie%3FpartnerId%3Dcolossus%26gdpr%3D%26gdpr_consent%3D%26us_privacy%3D1NNY%26userId%3D%5BUID%5D:0
[   27173ms] [ERROR] Failed to load resource: the server responded with a status of 404 (Not Found) @ https://sync.colossusssp.com/vdz.gif?puid=4a470a16-e74d-9a85-65c2-acbda1d9e921&redir=https%3A%2F%2Fsync.cootlogix.com%2Fapi%2Fcookie%3FpartnerId%3Dcolossus%26gdpr%3D%26gdpr_consent%3D%26us_privacy%3D1NNY%26userId%3D%5BUID%5D:0
[   27326ms] [ERROR] Failed to load resource: the server responded with a status of 404 (Not Found) @ https://sync.colossusssp.com/vdz.gif?puid=4a470a16-e74d-9a85-65c2-acbda1d9e921&redir=https%3A%2F%2Fsync.cootlogix.com%2Fapi%2Fcookie%3FpartnerId%3Dcolossus%26gdpr%3D%26gdpr_consent%3D%26us_privacy%3D1NNY%26userId%3D%5BUID%5D:0
[   27445ms] [ERROR] Failed to load resource: the server responded with a status of 400 (Bad Request) @ https://cpm.vistarsagency.com/user-sync?zone=297502&t=image&r=https%3A%2F%2Fprebid.admatic.de%2Fsetuid%3Fbidder%3Dvistar%26gdpr%3D%26gdpr_consent%3D%26f%3Di%26uid%3D%7BUID%7D:0
[   27564ms] [ERROR] Attestation check for Shared Storage on https://www.googleadservices.com failed. @ https://www.googleadservices.com/pagead/managed/js/activeview/current/reach_worklet.html:0
[   27571ms] [ERROR] Failed to load resource: net::ERR_NAME_NOT_RESOLVED @ https://sync.search.spotxchange.com/partner?adv_id=7025&gdpr=0&redir=https%3A%2F%2Fcm.g.doubleclick.net%2Fpixel%3Fgoogle_nid%3Dspotxchange_dbm%26google_hm%3D%24SPOTX_BASE64_USER_ID:0
[   27582ms] [ERROR] Failed to load resource: the server responded with a status of 404 (Not Found) @ https://sync.colossusssp.com/9e9647d04d0fe7572508b919f39de011.gif?redir=https%3A%2F%2Fsync.pmbmonetize.live%2Fpsync%3Ft%3Dd%26e%3D109%26u%3D%5BUID%5D%26clp%3DaHR0cHM6Ly91c2Vyc3luYy5ndW1ndW0uY29tL3VzZXJzeW5jP2I9YWRwJmk9JVVTRVJfSUQl:0
[   27643ms] [ERROR] Attestation check for Shared Storage on https://www.googleadservices.com failed. @ https://www.googleadservices.com/pagead/managed/js/activeview/current/reach_worklet.html:0
[   27445ms] [ERROR] Failed to load resource: the server responded with a status of 400 (Bad Request) @ https://cpm.vistarsagency.com/user-sync?zone=297502&t=image&r=https%3A%2F%2Fprebid.admatic.de%2Fsetuid%3Fbidder%3Dvistar%26gdpr%3D%26gdpr_consent%3D%26f%3Di%26uid%3D%7BUID%7D:0
[   27571ms] [ERROR] Failed to load resource: net::ERR_NAME_NOT_RESOLVED @ https://sync.search.spotxchange.com/partner?adv_id=7025&gdpr=0&redir=https%3A%2F%2Fcm.g.doubleclick.net%2Fpixel%3Fgoogle_nid%3Dspotxchange_dbm%26google_hm%3D%24SPOTX_BASE64_USER_ID:0
[   27865ms] [LOG] cta setp run @ https://s0.2mdn.net/sadbundle/3134603002697632333/index.html?e=69&leftOffset=0&topOffset=0&c=wTN1rlKyFu&t=1&renderingType=2&ev=01_262:153
[   27865ms] [LOG] goin black on cta @ https://s0.2mdn.net/sadbundle/3134603002697632333/index.html?e=69&leftOffset=0&topOffset=0&c=wTN1rlKyFu&t=1&renderingType=2&ev=01_262:153
[   27865ms] [LOG] cta setp run @ https://s0.2mdn.net/sadbundle/3134603002697632333/index.html?e=69&leftOffset=0&topOffset=0&c=wTN1rlKyFu&t=1&renderingType=2&ev=01_262:153
[   27865ms] [LOG] goin black on cta @ https://s0.2mdn.net/sadbundle/3134603002697632333/index.html?e=69&leftOffset=0&topOffset=0&c=wTN1rlKyFu&t=1&renderingType=2&ev=01_262:153
[   27974ms] [ERROR] Attestation check for Shared Storage on https://securepubads.g.doubleclick.net failed. @ https://imasdk.googleapis.com/js/core/bridge3.761.0_en.html#deid=%22%22&eventfe_experiment_ids=%5B%5D&fid=%22goog_1780347043%22&genotype_experiment_data=%7B%22experimentStateProto%22%3A%22%5B%5B%5B45713128%2Cnull%2Cnull%2C%5B%5D%5D%2C%5Bnull%2C745150931%2Cnull%2C%5Bnull%2C1%5D%5D%2C%5Bnull%2C749060184%2Cnull%2C%5Bnull%2C128%5D%5D%2C%5B841585769%2Cnull%2Cnull%2C%5B1%5D%5D%2C%5B45761044%2Cnull%2Cnull%2C%5B%5D%5D%2C%5B45722344%2Cnull%2Cnull%2C%5B%5D%5D%2C%5B45706017%2Cnull%2Cnull%2C%5B1%5D%5D%2C%5B45774999%2Cnull%2Cnull%2C%5B%5D%5D%2C%5B45776042%2Cnull%2Cnull%2C%5B%5D%5D%2C%5B45668885%2Cnull%2Cnull%2C%5B%5D%5D%2C%5B45685340%2Cnull%2Cnull%2C%5B%5D%5D%2C%5B45765927%2Cnull%2Cnull%2C%5B%5D%5D%2C%5B45734716%2Cnull%2Cnull%2C%5B%5D%5D%2C%5B45735891%2Cnull%2Cnull%2C%5B%5D%5D%2C%5B45663239%2Cnull%2Cnull%2C%5B%5D%5D%2C%5B45715032%2Cnull%2Cnull%2C%5B1%5D%5D%2C%5B45661356%2Cnull%2Cnull%2C%5B%5D%5D%2C%5B839547366%2Cnull%2Cnull%2C%5B1%5D%5D%2C%5B45676441%2Cnull%2Cnull%2C%5B%5D%5D%2C%5Bnull%2C45645574%2Cnull%2C%5B%5D%5D%2C%5B45688859%2Cnull%2Cnull%2C%5B%5D%5D%2C%5B45656766%2Cnull%2Cnull%2C%5B%5D%5D%2C%5B45710689%2Cnull%2Cnull%2C%5B%5D%5D%2C%5B45710688%2Cnull%2Cnull%2C%5B1%5D%5D%2C%5B45685601%2Cnull%2Cnull%2C%5B%5D%5D%2C%5Bnull%2C45685602%2Cnull%2C%5Bnull%2C500%5D%5D%2C%5Bnull%2C45767902%2Cnull%2C%5Bnull%2C500%5D%5D%2C%5B45756824%2Cnull%2Cnull%2C%5B%5D%5D%2C%5B45747172%2Cnull%2Cnull%2C%5B%5D%5D%2C%5B775241416%2Cnull%2Cnull%2C%5B%5D%5D%2C%5B781107959%2Cnull%2Cnull%2C%5B%5D%5D%2C%5B781107958%2Cnull%2Cnull%2C%5B%5D%5D%2C%5B792614055%2Cnull%2Cnull%2C%5B%5D%5D%2C%5B781107957%2Cnull%2Cnull%2C%5B%5D%5D%2C%5B45729602%2Cnull%2Cnull%2C%5B%5D%5D%2C%5B45753603%2Cnull%2Cnull%2C%5B%5D%5D%2C%5B45753604%2Cnull%2Cnull%2C%5B%5D%5D%5D%2C%5B%5B16%2C%5B%5B1%2C%5B%5B31089630%5D%2C%5B31089631%2C%5B%5B45668885%2Cnull%2Cnull%2C%5B1%5D%5D%5D%5D%5D%5D%2C%5B1000%2C%5B%5B95332046%5D%5D%5D%2C%5Bnull%2C%5B%5B95332047%5D%5D%5D%2C%5B10%2C%5B%5B95338769%2C%5B%5Bnull%2C45645574%2Cnull%2C%5Bnull%2C1%5D%5D%5D%5D%2C%5B95338770%2C%5B%5Bnull%2C45645574%2Cnull%2C%5Bnull%2C2%5D%5D%5D%5D%5D%5D%2C%5B50%2C%5B%5B95345206%5D%2C%5B95345207%2C%5B%5B45661356%2Cnull%2Cnull%2C%5B1%5D%5D%5D%5D%5D%5D%2C%5B1%2C%5B%5B95351425%5D%2C%5B95351426%2C%5B%5B45676441%2Cnull%2Cnull%2C%5B1%5D%5D%5D%5D%5D%5D%2C%5B1%2C%5B%5B95373378%2C%5B%5B792614055%2Cnull%2Cnull%2C%5B1%5D%5D%5D%5D%2C%5B95373379%2C%5B%5B45747172%2Cnull%2Cnull%2C%5B1%5D%5D%2C%5B781107959%2Cnull%2Cnull%2C%5B1%5D%5D%2C%5B792614055%2Cnull%2Cnull%2C%5B1%5D%5D%2C%5B781107957%2Cnull%2Cnull%2C%5B1%5D%5D%5D%5D%5D%5D%2C%5B10%2C%5B%5B95378629%5D%2C%5B95378630%2C%5B%5B45729602%2Cnull%2Cnull%2C%5B1%5D%5D%5D%5D%2C%5B95381582%2C%5B%5B45729602%2Cnull%2Cnull%2C%5B1%5D%5D%2C%5B45753603%2Cnull%2Cnull%2C%5B1%5D%5D%5D%5D%2C%5B95381583%2C%5B%5B45729602%2Cnull%2Cnull%2C%5B1%5D%5D%2C%5B45753604%2Cnull%2Cnull%2C%5B1%5D%5D%5D%5D%5D%5D%2C%5B50%2C%5B%5B95382403%5D%2C%5B95386528%2C%5B%5Bnull%2C45767902%2Cnull%2C%5B%5D%5D%2C%5B45756824%2Cnull%2Cnull%2C%5B1%5D%5D%5D%5D%5D%5D%2C%5Bnull%2C%5B%5B95385193%5D%2C%5B95385194%2C%5B%5B45765927%2Cnull%2Cnull%2C%5B1%5D%5D%5D%5D%5D%5D%2C%5B50%2C%5B%5B95387816%5D%2C%5B95387817%2C%5B%5B45774999%2Cnull%2Cnull%2C%5B1%5D%5D%5D%5D%5D%5D%2C%5B10%2C%5B%5B95388078%5D%2C%5B95388079%2C%5B%5B45776042%2Cnull%2Cnull%2C%5B1%5D%5D%5D%5D%5D%5D%2C%5B10%2C%5B%5B95389581%5D%2C%5B95389582%2C%5B%5B635466687%2Cnull%2Cnull%2C%5B1%5D%5D%5D%5D%5D%5D%5D%5D%5D%2Cnull%2Cnull%2C%5Bnull%2C1000%2C1%2C1000%5D%5D%22%7D&imalib_experiments=%5B95322027%2C95331589%2C95332046%5D&is_eap_loader=false&managed_js_experiment_id=0&page_correlator=1973030489826072&pvsid=8292872101777130&top_accessible_page_url=%22https%3A%2F%2Frateyourmusic.com%2Frelease%2Falbum%2Flaibach%2Fmusick%2F%22:0
[   28146ms] [LOG] exterior @ https://s0.2mdn.net/sadbundle/3134603002697632333/index.html?e=69&leftOffset=0&topOffset=0&c=wTN1rlKyFu&t=1&renderingType=2&ev=01_262:153
[   28174ms] [ERROR] Failed to load resource: net::ERR_NAME_NOT_RESOLVED @ https://cs.lkqd.net/cs?partnerId=59&redirect=https%3A%2F%2Fcm.g.doubleclick.net%2Fpixel%3Fgoogle_nid%3Dlkqd_dbm%26google_hm%3D%24%24rawlkqduserid%7Cbase64%24%24:0
[   28981ms] [ERROR] Failed to load resource: the server responded with a status of 400 () @ https://cs.ingage.tech/v1/sync/equative/85a82cad-5f12-4988-a559-241272375762?uid=:0
[   31062ms] [ERROR] Failed to load resource: the server responded with a status of 400 (Bad Request) @ https://ps.eyeota.net/match?bid=2ri0rg0&uid={ba2e9c6c-32d0-0a05-835bfab8}:0
[   34202ms] [ERROR] Attestation check for Protected Audience on https://tlx.3lift.com failed. @ https://rateyourmusic.com/release/album/laibach/musick/:0
[   34202ms] [ERROR] Attestation check for Protected Audience on https://rtb.openx.net failed. @ https://rateyourmusic.com/release/album/laibach/musick/:0
[   34202ms] [ERROR] Attestation check for Protected Audience on https://ib.adnxs.com failed. @ https://rateyourmusic.com/release/album/laibach/musick/:0
[   34202ms] [ERROR] Attestation check for Protected Audience on https://direct.adsrvr.org failed. @ https://rateyourmusic.com/release/album/laibach/musick/:0
[   34202ms] [ERROR] Attestation check for Protected Audience on https://exchange.cootlogix.com failed. @ https://rateyourmusic.com/release/album/laibach/musick/:0
[   34202ms] [ERROR] Attestation check for Protected Audience on https://htlb.casalemedia.com failed. @ https://rateyourmusic.com/release/album/laibach/musick/:0
[   34202ms] [ERROR] Attestation check for Protected Audience on https://btlr.sharethrough.com failed. @ https://rateyourmusic.com/release/album/laibach/musick/:0
[   34202ms] [ERROR] Attestation check for Protected Audience on https://hb.yellowblue.io failed. @ https://rateyourmusic.com/release/album/laibach/musick/:0
[   34202ms] [ERROR] Attestation check for Protected Audience on https://prebid-server.rubiconproject.com failed. @ https://rateyourmusic.com/release/album/laibach/musick/:0
[   34205ms] [ERROR] Attestation check for Protected Audience on https://hbopenbid.pubmatic.com failed. @ https://rateyourmusic.com/release/album/laibach/musick/:0
[   34205ms] [ERROR] Attestation check for Protected Audience on https://grid-bidder.criteo.com failed. @ https://rateyourmusic.com/release/album/laibach/musick/:0
[   34791ms] [ERROR] Attestation check for Shared Storage on https://securepubads.g.doubleclick.net failed. @ https://imasdk.googleapis.com/js/core/bridge3.761.0_en.html#deid=%22%22&eventfe_experiment_ids=%5B%5D&fid=%22goog_1780347045%22&genotype_experiment_data=%7B%22experimentStateProto%22%3A%22%5B%5B%5B45713128%2Cnull%2Cnull%2C%5B%5D%5D%2C%5Bnull%2C745150931%2Cnull%2C%5Bnull%2C1%5D%5D%2C%5Bnull%2C749060184%2Cnull%2C%5Bnull%2C128%5D%5D%2C%5B841585769%2Cnull%2Cnull%2C%5B1%5D%5D%2C%5B45761044%2Cnull%2Cnull%2C%5B%5D%5D%2C%5B45722344%2Cnull%2Cnull%2C%5B%5D%5D%2C%5B45706017%2Cnull%2Cnull%2C%5B1%5D%5D%2C%5B45774999%2Cnull%2Cnull%2C%5B%5D%5D%2C%5B45776042%2Cnull%2Cnull%2C%5B%5D%5D%2C%5B45668885%2Cnull%2Cnull%2C%5B%5D%5D%2C%5B45685340%2Cnull%2Cnull%2C%5B%5D%5D%2C%5B45765927%2Cnull%2Cnull%2C%5B%5D%5D%2C%5B45734716%2Cnull%2Cnull%2C%5B%5D%5D%2C%5B45735891%2Cnull%2Cnull%2C%5B%5D%5D%2C%5B45663239%2Cnull%2Cnull%2C%5B%5D%5D%2C%5B45715032%2Cnull%2Cnull%2C%5B1%5D%5D%2C%5B45661356%2Cnull%2Cnull%2C%5B%5D%5D%2C%5B839547366%2Cnull%2Cnull%2C%5B1%5D%5D%2C%5B45676441%2Cnull%2Cnull%2C%5B%5D%5D%2C%5Bnull%2C45645574%2Cnull%2C%5B%5D%5D%2C%5B45688859%2Cnull%2Cnull%2C%5B%5D%5D%2C%5B45656766%2Cnull%2Cnull%2C%5B%5D%5D%2C%5B45710689%2Cnull%2Cnull%2C%5B%5D%5D%2C%5B45710688%2Cnull%2Cnull%2C%5B1%5D%5D%2C%5B45685601%2Cnull%2Cnull%2C%5B%5D%5D%2C%5Bnull%2C45685602%2Cnull%2C%5Bnull%2C500%5D%5D%2C%5Bnull%2C45767902%2Cnull%2C%5Bnull%2C500%5D%5D%2C%5B45756824%2Cnull%2Cnull%2C%5B%5D%5D%2C%5B45747172%2Cnull%2Cnull%2C%5B%5D%5D%2C%5B775241416%2Cnull%2Cnull%2C%5B%5D%5D%2C%5B781107959%2Cnull%2Cnull%2C%5B%5D%5D%2C%5B781107958%2Cnull%2Cnull%2C%5B%5D%5D%2C%5B792614055%2Cnull%2Cnull%2C%5B%5D%5D%2C%5B781107957%2Cnull%2Cnull%2C%5B%5D%5D%2C%5B45729602%2Cnull%2Cnull%2C%5B%5D%5D%2C%5B45753603%2Cnull%2Cnull%2C%5B%5D%5D%2C%5B45753604%2Cnull%2Cnull%2C%5B%5D%5D%5D%2C%5B%5B16%2C%5B%5B1%2C%5B%5B31089630%5D%2C%5B31089631%2C%5B%5B45668885%2Cnull%2Cnull%2C%5B1%5D%5D%5D%5D%5D%5D%2C%5B1000%2C%5B%5B95332046%5D%5D%5D%2C%5Bnull%2C%5B%5B95332047%5D%5D%5D%2C%5B10%2C%5B%5B95338769%2C%5B%5Bnull%2C45645574%2Cnull%2C%5Bnull%2C1%5D%5D%5D%5D%2C%5B95338770%2C%5B%5Bnull%2C45645574%2Cnull%2C%5Bnull%2C2%5D%5D%5D%5D%5D%5D%2C%5B50%2C%5B%5B95345206%5D%2C%5B95345207%2C%5B%5B45661356%2Cnull%2Cnull%2C%5B1%5D%5D%5D%5D%5D%5D%2C%5B1%2C%5B%5B95351425%5D%2C%5B95351426%2C%5B%5B45676441%2Cnull%2Cnull%2C%5B1%5D%5D%5D%5D%5D%5D%2C%5B1%2C%5B%5B95373378%2C%5B%5B792614055%2Cnull%2Cnull%2C%5B1%5D%5D%5D%5D%2C%5B95373379%2C%5B%5B45747172%2Cnull%2Cnull%2C%5B1%5D%5D%2C%5B781107959%2Cnull%2Cnull%2C%5B1%5D%5D%2C%5B792614055%2Cnull%2Cnull%2C%5B1%5D%5D%2C%5B781107957%2Cnull%2Cnull%2C%5B1%5D%5D%5D%5D%5D%5D%2C%5B10%2C%5B%5B95378629%5D%2C%5B95378630%2C%5B%5B45729602%2Cnull%2Cnull%2C%5B1%5D%5D%5D%5D%2C%5B95381582%2C%5B%5B45729602%2Cnull%2Cnull%2C%5B1%5D%5D%2C%5B45753603%2Cnull%2Cnull%2C%5B1%5D%5D%5D%5D%2C%5B95381583%2C%5B%5B45729602%2Cnull%2Cnull%2C%5B1%5D%5D%2C%5B45753604%2Cnull%2Cnull%2C%5B1%5D%5D%5D%5D%5D%5D%2C%5B50%2C%5B%5B95382403%5D%2C%5B95386528%2C%5B%5Bnull%2C45767902%2Cnull%2C%5B%5D%5D%2C%5B45756824%2Cnull%2Cnull%2C%5B1%5D%5D%5D%5D%5D%5D%2C%5Bnull%2C%5B%5B95385193%5D%2C%5B95385194%2C%5B%5B45765927%2Cnull%2Cnull%2C%5B1%5D%5D%5D%5D%5D%5D%2C%5B50%2C%5B%5B95387816%5D%2C%5B95387817%2C%5B%5B45774999%2Cnull%2Cnull%2C%5B1%5D%5D%5D%5D%5D%5D%2C%5B10%2C%5B%5B95388078%5D%2C%5B95388079%2C%5B%5B45776042%2Cnull%2Cnull%2C%5B1%5D%5D%5D%5D%5D%5D%2C%5B10%2C%5B%5B95389581%5D%2C%5B95389582%2C%5B%5B635466687%2Cnull%2Cnull%2C%5B1%5D%5D%5D%5D%5D%5D%5D%5D%5D%2Cnull%2Cnull%2C%5Bnull%2C1000%2C1%2C1000%5D%5D%22%7D&imalib_experiments=%5B95322027%2C95331589%2C95332046%5D&is_eap_loader=false&managed_js_experiment_id=0&page_correlator=1120519343920441&pvsid=8292872101777130&top_accessible_page_url=%22https%3A%2F%2Frateyourmusic.com%2Frelease%2Falbum%2Flaibach%2Fmusick%2F%22:0
[   34900ms] [ERROR] Attestation check for Protected Audience on https://btlr.sharethrough.com failed. @ https://rateyourmusic.com/release/album/laibach/musick/:0
[   34900ms] [ERROR] Attestation check for Protected Audience on https://hb.yellowblue.io failed. @ https://rateyourmusic.com/release/album/laibach/musick/:0
[   34900ms] [ERROR] Attestation check for Protected Audience on https://prebid-server.rubiconproject.com failed. @ https://rateyourmusic.com/release/album/laibach/musick/:0
[   34900ms] [ERROR] Attestation check for Protected Audience on https://htlb.casalemedia.com failed. @ https://rateyourmusic.com/release/album/laibach/musick/:0
[   34900ms] [ERROR] Attestation check for Protected Audience on https://exchange.cootlogix.com failed. @ https://rateyourmusic.com/release/album/laibach/musick/:0
[   34900ms] [ERROR] Attestation check for Protected Audience on https://tlx.3lift.com failed. @ https://rateyourmusic.com/release/album/laibach/musick/:0
[   34900ms] [ERROR] Attestation check for Protected Audience on https://ib.adnxs.com failed. @ https://rateyourmusic.com/release/album/laibach/musick/:0
[   34900ms] [ERROR] Attestation check for Protected Audience on https://rtb.openx.net failed. @ https://rateyourmusic.com/release/album/laibach/musick/:0
[   34900ms] [ERROR] Attestation check for Protected Audience on https://direct.adsrvr.org failed. @ https://rateyourmusic.com/release/album/laibach/musick/:0
[   34903ms] [ERROR] Attestation check for Protected Audience on https://hbopenbid.pubmatic.com failed. @ https://rateyourmusic.com/release/album/laibach/musick/:0
[   34903ms] [ERROR] Attestation check for Protected Audience on https://grid-bidder.criteo.com failed. @ https://rateyourmusic.com/release/album/laibach/musick/:0
[   35149ms] [ERROR] Attestation check for Protected Audience on https://hb.yellowblue.io failed. @ https://rateyourmusic.com/release/album/laibach/musick/:0
[   35149ms] [ERROR] Attestation check for Protected Audience on https://direct.adsrvr.org failed. @ https://rateyourmusic.com/release/album/laibach/musick/:0
[   35149ms] [ERROR] Attestation check for Protected Audience on https://htlb.casalemedia.com failed. @ https://rateyourmusic.com/release/album/laibach/musick/:0
[   35149ms] [ERROR] Attestation check for Protected Audience on https://btlr.sharethrough.com failed. @ https://rateyourmusic.com/release/album/laibach/musick/:0
[   35149ms] [ERROR] Attestation check for Protected Audience on https://rtb.openx.net failed. @ https://rateyourmusic.com/release/album/laibach/musick/:0
[   35149ms] [ERROR] Attestation check for Protected Audience on https://prebid-server.rubiconproject.com failed. @ https://rateyourmusic.com/release/album/laibach/musick/:0
[   35149ms] [ERROR] Attestation check for Protected Audience on https://ib.adnxs.com failed. @ https://rateyourmusic.com/release/album/laibach/musick/:0
[   35149ms] [ERROR] Attestation check for Protected Audience on https://exchange.cootlogix.com failed. @ https://rateyourmusic.com/release/album/laibach/musick/:0
[   35149ms] [ERROR] Attestation check for Protected Audience on https://tlx.3lift.com failed. @ https://rateyourmusic.com/release/album/laibach/musick/:0
[   35151ms] [ERROR] Attestation check for Protected Audience on https://grid-bidder.criteo.com failed. @ https://rateyourmusic.com/release/album/laibach/musick/:0
[   35151ms] [ERROR] Attestation check for Protected Audience on https://hbopenbid.pubmatic.com failed. @ https://rateyourmusic.com/release/album/laibach/musick/:0
[   34791ms] [ERROR] Attestation check for Shared Storage on https://securepubads.g.doubleclick.net failed. @ https://imasdk.googleapis.com/js/core/bridge3.761.0_en.html#deid=%22%22&eventfe_experiment_ids=%5B%5D&fid=%22goog_1780347045%22&genotype_experiment_data=%7B%22experimentStateProto%22%3A%22%5B%5B%5B45713128%2Cnull%2Cnull%2C%5B%5D%5D%2C%5Bnull%2C745150931%2Cnull%2C%5Bnull%2C1%5D%5D%2C%5Bnull%2C749060184%2Cnull%2C%5Bnull%2C128%5D%5D%2C%5B841585769%2Cnull%2Cnull%2C%5B1%5D%5D%2C%5B45761044%2Cnull%2Cnull%2C%5B%5D%5D%2C%5B45722344%2Cnull%2Cnull%2C%5B%5D%5D%2C%5B45706017%2Cnull%2Cnull%2C%5B1%5D%5D%2C%5B45774999%2Cnull%2Cnull%2C%5B%5D%5D%2C%5B45776042%2Cnull%2Cnull%2C%5B%5D%5D%2C%5B45668885%2Cnull%2Cnull%2C%5B%5D%5D%2C%5B45685340%2Cnull%2Cnull%2C%5B%5D%5D%2C%5B45765927%2Cnull%2Cnull%2C%5B%5D%5D%2C%5B45734716%2Cnull%2Cnull%2C%5B%5D%5D%2C%5B45735891%2Cnull%2Cnull%2C%5B%5D%5D%2C%5B45663239%2Cnull%2Cnull%2C%5B%5D%5D%2C%5B45715032%2Cnull%2Cnull%2C%5B1%5D%5D%2C%5B45661356%2Cnull%2Cnull%2C%5B%5D%5D%2C%5B839547366%2Cnull%2Cnull%2C%5B1%5D%5D%2C%5B45676441%2Cnull%2Cnull%2C%5B%5D%5D%2C%5Bnull%2C45645574%2Cnull%2C%5B%5D%5D%2C%5B45688859%2Cnull%2Cnull%2C%5B%5D%5D%2C%5B45656766%2Cnull%2Cnull%2C%5B%5D%5D%2C%5B45710689%2Cnull%2Cnull%2C%5B%5D%5D%2C%5B45710688%2Cnull%2Cnull%2C%5B1%5D%5D%2C%5B45685601%2Cnull%2Cnull%2C%5B%5D%5D%2C%5Bnull%2C45685602%2Cnull%2C%5Bnull%2C500%5D%5D%2C%5Bnull%2C45767902%2Cnull%2C%5Bnull%2C500%5D%5D%2C%5B45756824%2Cnull%2Cnull%2C%5B%5D%5D%2C%5B45747172%2Cnull%2Cnull%2C%5B%5D%5D%2C%5B775241416%2Cnull%2Cnull%2C%5B%5D%5D%2C%5B781107959%2Cnull%2Cnull%2C%5B%5D%5D%2C%5B781107958%2Cnull%2Cnull%2C%5B%5D%5D%2C%5B792614055%2Cnull%2Cnull%2C%5B%5D%5D%2C%5B781107957%2Cnull%2Cnull%2C%5B%5D%5D%2C%5B45729602%2Cnull%2Cnull%2C%5B%5D%5D%2C%5B45753603%2Cnull%2Cnull%2C%5B%5D%5D%2C%5B45753604%2Cnull%2Cnull%2C%5B%5D%5D%5D%2C%5B%5B16%2C%5B%5B1%2C%5B%5B31089630%5D%2C%5B31089631%2C%5B%5B45668885%2Cnull%2Cnull%2C%5B1%5D%5D%5D%5D%5D%5D%2C%5B1000%2C%5B%5B95332046%5D%5D%5D%2C%5Bnull%2C%5B%5B95332047%5D%5D%5D%2C%5B10%2C%5B%5B95338769%2C%5B%5Bnull%2C45645574%2Cnull%2C%5Bnull%2C1%5D%5D%5D%5D%2C%5B95338770%2C%5B%5Bnull%2C45645574%2Cnull%2C%5Bnull%2C2%5D%5D%5D%5D%5D%5D%2C%5B50%2C%5B%5B95345206%5D%2C%5B95345207%2C%5B%5B45661356%2Cnull%2Cnull%2C%5B1%5D%5D%5D%5D%5D%5D%2C%5B1%2C%5B%5B95351425%5D%2C%5B95351426%2C%5B%5B45676441%2Cnull%2Cnull%2C%5B1%5D%5D%5D%5D%5D%5D%2C%5B1%2C%5B%5B95373378%2C%5B%5B792614055%2Cnull%2Cnull%2C%5B1%5D%5D%5D%5D%2C%5B95373379%2C%5B%5B45747172%2Cnull%2Cnull%2C%5B1%5D%5D%2C%5B781107959%2Cnull%2Cnull%2C%5B1%5D%5D%2C%5B792614055%2Cnull%2Cnull%2C%5B1%5D%5D%2C%5B781107957%2Cnull%2Cnull%2C%5B1%5D%5D%5D%5D%5D%5D%2C%5B10%2C%5B%5B95378629%5D%2C%5B95378630%2C%5B%5B45729602%2Cnull%2Cnull%2C%5B1%5D%5D%5D%5D%2C%5B95381582%2C%5B%5B45729602%2Cnull%2Cnull%2C%5B1%5D%5D%2C%5B45753603%2Cnull%2Cnull%2C%5B1%5D%5D%5D%5D%2C%5B95381583%2C%5B%5B45729602%2Cnull%2Cnull%2C%5B1%5D%5D%2C%5B45753604%2Cnull%2Cnull%2C%5B1%5D%5D%5D%5D%5D%5D%2C%5B50%2C%5B%5B95382403%5D%2C%5B95386528%2C%5B%5Bnull%2C45767902%2Cnull%2C%5B%5D%5D%2C%5B45756824%2Cnull%2Cnull%2C%5B1%5D%5D%5D%5D%5D%5D%2C%5Bnull%2C%5B%5B95385193%5D%2C%5B95385194%2C%5B%5B45765927%2Cnull%2Cnull%2C%5B1%5D%5D%5D%5D%5D%5D%2C%5B50%2C%5B%5B95387816%5D%2C%5B95387817%2C%5B%5B45774999%2Cnull%2Cnull%2C%5B1%5D%5D%5D%5D%5D%5D%2C%5B10%2C%5B%5B95388078%5D%2C%5B95388079%2C%5B%5B45776042%2Cnull%2Cnull%2C%5B1%5D%5D%5D%5D%5D%5D%2C%5B10%2C%5B%5B95389581%5D%2C%5B95389582%2C%5B%5B635466687%2Cnull%2Cnull%2C%5B1%5D%5D%5D%5D%5D%5D%5D%5D%5D%2Cnull%2Cnull%2C%5Bnull%2C1000%2C1%2C1000%5D%5D%22%7D&imalib_experiments=%5B95322027%2C95331589%2C95332046%5D&is_eap_loader=false&managed_js_experiment_id=0&page_correlator=1120519343920441&pvsid=8292872101777130&top_accessible_page_url=%22https%3A%2F%2Frateyourmusic.com%2Frelease%2Falbum%2Flaibach%2Fmusick%2F%22:0
[   35968ms] [ERROR] Failed to load resource: the server responded with a status of 404 () @ https://pbc.intergient.com/cache?uuid=ab7cc694-ca9f-48da-8096-e3e8d6d9f51d:0
[   36043ms] [ERROR] Attestation check for Shared Storage on https://securepubads.g.doubleclick.net failed. @ https://imasdk.googleapis.com/js/core/bridge3.761.0_en.html#deid=%22%22&eventfe_experiment_ids=%5B%5D&fid=%22goog_1780347047%22&genotype_experiment_data=%7B%22experimentStateProto%22%3A%22%5B%5B%5B45713128%2Cnull%2Cnull%2C%5B%5D%5D%2C%5Bnull%2C745150931%2Cnull%2C%5Bnull%2C1%5D%5D%2C%5Bnull%2C749060184%2Cnull%2C%5Bnull%2C128%5D%5D%2C%5B841585769%2Cnull%2Cnull%2C%5B1%5D%5D%2C%5B45761044%2Cnull%2Cnull%2C%5B%5D%5D%2C%5B45722344%2Cnull%2Cnull%2C%5B%5D%5D%2C%5B45706017%2Cnull%2Cnull%2C%5B1%5D%5D%2C%5B45774999%2Cnull%2Cnull%2C%5B%5D%5D%2C%5B45776042%2Cnull%2Cnull%2C%5B%5D%5D%2C%5B45668885%2Cnull%2Cnull%2C%5B%5D%5D%2C%5B45685340%2Cnull%2Cnull%2C%5B%5D%5D%2C%5B45765927%2Cnull%2Cnull%2C%5B%5D%5D%2C%5B45734716%2Cnull%2Cnull%2C%5B%5D%5D%2C%5B45735891%2Cnull%2Cnull%2C%5B%5D%5D%2C%5B45663239%2Cnull%2Cnull%2C%5B%5D%5D%2C%5B45715032%2Cnull%2Cnull%2C%5B1%5D%5D%2C%5B45661356%2Cnull%2Cnull%2C%5B%5D%5D%2C%5B839547366%2Cnull%2Cnull%2C%5B1%5D%5D%2C%5B45676441%2Cnull%2Cnull%2C%5B%5D%5D%2C%5Bnull%2C45645574%2Cnull%2C%5B%5D%5D%2C%5B45688859%2Cnull%2Cnull%2C%5B%5D%5D%2C%5B45656766%2Cnull%2Cnull%2C%5B%5D%5D%2C%5B45710689%2Cnull%2Cnull%2C%5B%5D%5D%2C%5B45710688%2Cnull%2Cnull%2C%5B1%5D%5D%2C%5B45685601%2Cnull%2Cnull%2C%5B%5D%5D%2C%5Bnull%2C45685602%2Cnull%2C%5Bnull%2C500%5D%5D%2C%5Bnull%2C45767902%2Cnull%2C%5Bnull%2C500%5D%5D%2C%5B45756824%2Cnull%2Cnull%2C%5B%5D%5D%2C%5B45747172%2Cnull%2Cnull%2C%5B%5D%5D%2C%5B775241416%2Cnull%2Cnull%2C%5B%5D%5D%2C%5B781107959%2Cnull%2Cnull%2C%5B%5D%5D%2C%5B781107958%2Cnull%2Cnull%2C%5B%5D%5D%2C%5B792614055%2Cnull%2Cnull%2C%5B%5D%5D%2C%5B781107957%2Cnull%2Cnull%2C%5B%5D%5D%2C%5B45729602%2Cnull%2Cnull%2C%5B%5D%5D%2C%5B45753603%2Cnull%2Cnull%2C%5B%5D%5D%2C%5B45753604%2Cnull%2Cnull%2C%5B%5D%5D%5D%2C%5B%5B16%2C%5B%5B1%2C%5B%5B31089630%5D%2C%5B31089631%2C%5B%5B45668885%2Cnull%2Cnull%2C%5B1%5D%5D%5D%5D%5D%5D%2C%5B1000%2C%5B%5B95332046%5D%5D%5D%2C%5Bnull%2C%5B%5B95332047%5D%5D%5D%2C%5B10%2C%5B%5B95338769%2C%5B%5Bnull%2C45645574%2Cnull%2C%5Bnull%2C1%5D%5D%5D%5D%2C%5B95338770%2C%5B%5Bnull%2C45645574%2Cnull%2C%5Bnull%2C2%5D%5D%5D%5D%5D%5D%2C%5B50%2C%5B%5B95345206%5D%2C%5B95345207%2C%5B%5B45661356%2Cnull%2Cnull%2C%5B1%5D%5D%5D%5D%5D%5D%2C%5B1%2C%5B%5B95351425%5D%2C%5B95351426%2C%5B%5B45676441%2Cnull%2Cnull%2C%5B1%5D%5D%5D%5D%5D%5D%2C%5B1%2C%5B%5B95373378%2C%5B%5B792614055%2Cnull%2Cnull%2C%5B1%5D%5D%5D%5D%2C%5B95373379%2C%5B%5B45747172%2Cnull%2Cnull%2C%5B1%5D%5D%2C%5B781107959%2Cnull%2Cnull%2C%5B1%5D%5D%2C%5B792614055%2Cnull%2Cnull%2C%5B1%5D%5D%2C%5B781107957%2Cnull%2Cnull%2C%5B1%5D%5D%5D%5D%5D%5D%2C%5B10%2C%5B%5B95378629%5D%2C%5B95378630%2C%5B%5B45729602%2Cnull%2Cnull%2C%5B1%5D%5D%5D%5D%2C%5B95381582%2C%5B%5B45729602%2Cnull%2Cnull%2C%5B1%5D%5D%2C%5B45753603%2Cnull%2Cnull%2C%5B1%5D%5D%5D%5D%2C%5B95381583%2C%5B%5B45729602%2Cnull%2Cnull%2C%5B1%5D%5D%2C%5B45753604%2Cnull%2Cnull%2C%5B1%5D%5D%5D%5D%5D%5D%2C%5B50%2C%5B%5B95382403%5D%2C%5B95386528%2C%5B%5Bnull%2C45767902%2Cnull%2C%5B%5D%5D%2C%5B45756824%2Cnull%2Cnull%2C%5B1%5D%5D%5D%5D%5D%5D%2C%5Bnull%2C%5B%5B95385193%5D%2C%5B95385194%2C%5B%5B45765927%2Cnull%2Cnull%2C%5B1%5D%5D%5D%5D%5D%5D%2C%5B50%2C%5B%5B95387816%5D%2C%5B95387817%2C%5B%5B45774999%2Cnull%2Cnull%2C%5B1%5D%5D%5D%5D%5D%5D%2C%5B10%2C%5B%5B95388078%5D%2C%5B95388079%2C%5B%5B45776042%2Cnull%2Cnull%2C%5B1%5D%5D%5D%5D%5D%5D%2C%5B10%2C%5B%5B95389581%5D%2C%5B95389582%2C%5B%5B635466687%2Cnull%2Cnull%2C%5B1%5D%5D%5D%5D%5D%5D%5D%5D%5D%2Cnull%2Cnull%2C%5Bnull%2C1000%2C1%2C1000%5D%5D%22%7D&imalib_experiments=%5B95322027%2C95331589%2C95332046%5D&is_eap_loader=false&managed_js_experiment_id=0&page_correlator=4460152431872780&pvsid=8292872101777130&top_accessible_page_url=%22https%3A%2F%2Frateyourmusic.com%2Frelease%2Falbum%2Flaibach%2Fmusick%2F%22:0
[   34791ms] [ERROR] Attestation check for Shared Storage on https://securepubads.g.doubleclick.net failed. @ https://imasdk.googleapis.com/js/core/bridge3.761.0_en.html#deid=%22%22&eventfe_experiment_ids=%5B%5D&fid=%22goog_1780347045%22&genotype_experiment_data=%7B%22experimentStateProto%22%3A%22%5B%5B%5B45713128%2Cnull%2Cnull%2C%5B%5D%5D%2C%5Bnull%2C745150931%2Cnull%2C%5Bnull%2C1%5D%5D%2C%5Bnull%2C749060184%2Cnull%2C%5Bnull%2C128%5D%5D%2C%5B841585769%2Cnull%2Cnull%2C%5B1%5D%5D%2C%5B45761044%2Cnull%2Cnull%2C%5B%5D%5D%2C%5B45722344%2Cnull%2Cnull%2C%5B%5D%5D%2C%5B45706017%2Cnull%2Cnull%2C%5B1%5D%5D%2C%5B45774999%2Cnull%2Cnull%2C%5B%5D%5D%2C%5B45776042%2Cnull%2Cnull%2C%5B%5D%5D%2C%5B45668885%2Cnull%2Cnull%2C%5B%5D%5D%2C%5B45685340%2Cnull%2Cnull%2C%5B%5D%5D%2C%5B45765927%2Cnull%2Cnull%2C%5B%5D%5D%2C%5B45734716%2Cnull%2Cnull%2C%5B%5D%5D%2C%5B45735891%2Cnull%2Cnull%2C%5B%5D%5D%2C%5B45663239%2Cnull%2Cnull%2C%5B%5D%5D%2C%5B45715032%2Cnull%2Cnull%2C%5B1%5D%5D%2C%5B45661356%2Cnull%2Cnull%2C%5B%5D%5D%2C%5B839547366%2Cnull%2Cnull%2C%5B1%5D%5D%2C%5B45676441%2Cnull%2Cnull%2C%5B%5D%5D%2C%5Bnull%2C45645574%2Cnull%2C%5B%5D%5D%2C%5B45688859%2Cnull%2Cnull%2C%5B%5D%5D%2C%5B45656766%2Cnull%2Cnull%2C%5B%5D%5D%2C%5B45710689%2Cnull%2Cnull%2C%5B%5D%5D%2C%5B45710688%2Cnull%2Cnull%2C%5B1%5D%5D%2C%5B45685601%2Cnull%2Cnull%2C%5B%5D%5D%2C%5Bnull%2C45685602%2Cnull%2C%5Bnull%2C500%5D%5D%2C%5Bnull%2C45767902%2Cnull%2C%5Bnull%2C500%5D%5D%2C%5B45756824%2Cnull%2Cnull%2C%5B%5D%5D%2C%5B45747172%2Cnull%2Cnull%2C%5B%5D%5D%2C%5B775241416%2Cnull%2Cnull%2C%5B%5D%5D%2C%5B781107959%2Cnull%2Cnull%2C%5B%5D%5D%2C%5B781107958%2Cnull%2Cnull%2C%5B%5D%5D%2C%5B792614055%2Cnull%2Cnull%2C%5B%5D%5D%2C%5B781107957%2Cnull%2Cnull%2C%5B%5D%5D%2C%5B45729602%2Cnull%2Cnull%2C%5B%5D%5D%2C%5B45753603%2Cnull%2Cnull%2C%5B%5D%5D%2C%5B45753604%2Cnull%2Cnull%2C%5B%5D%5D%5D%2C%5B%5B16%2C%5B%5B1%2C%5B%5B31089630%5D%2C%5B31089631%2C%5B%5B45668885%2Cnull%2Cnull%2C%5B1%5D%5D%5D%5D%5D%5D%2C%5B1000%2C%5B%5B95332046%5D%5D%5D%2C%5Bnull%2C%5B%5B95332047%5D%5D%5D%2C%5B10%2C%5B%5B95338769%2C%5B%5Bnull%2C45645574%2Cnull%2C%5Bnull%2C1%5D%5D%5D%5D%2C%5B95338770%2C%5B%5Bnull%2C45645574%2Cnull%2C%5Bnull%2C2%5D%5D%5D%5D%5D%5D%2C%5B50%2C%5B%5B95345206%5D%2C%5B95345207%2C%5B%5B45661356%2Cnull%2Cnull%2C%5B1%5D%5D%5D%5D%5D%5D%2C%5B1%2C%5B%5B95351425%5D%2C%5B95351426%2C%5B%5B45676441%2Cnull%2Cnull%2C%5B1%5D%5D%5D%5D%5D%5D%2C%5B1%2C%5B%5B95373378%2C%5B%5B792614055%2Cnull%2Cnull%2C%5B1%5D%5D%5D%5D%2C%5B95373379%2C%5B%5B45747172%2Cnull%2Cnull%2C%5B1%5D%5D%2C%5B781107959%2Cnull%2Cnull%2C%5B1%5D%5D%2C%5B792614055%2Cnull%2Cnull%2C%5B1%5D%5D%2C%5B781107957%2Cnull%2Cnull%2C%5B1%5D%5D%5D%5D%5D%5D%2C%5B10%2C%5B%5B95378629%5D%2C%5B95378630%2C%5B%5B45729602%2Cnull%2Cnull%2C%5B1%5D%5D%5D%5D%2C%5B95381582%2C%5B%5B45729602%2Cnull%2Cnull%2C%5B1%5D%5D%2C%5B45753603%2Cnull%2Cnull%2C%5B1%5D%5D%5D%5D%2C%5B95381583%2C%5B%5B45729602%2Cnull%2Cnull%2C%5B1%5D%5D%2C%5B45753604%2Cnull%2Cnull%2C%5B1%5D%5D%5D%5D%5D%5D%2C%5B50%2C%5B%5B95382403%5D%2C%5B95386528%2C%5B%5Bnull%2C45767902%2Cnull%2C%5B%5D%5D%2C%5B45756824%2Cnull%2Cnull%2C%5B1%5D%5D%5D%5D%5D%5D%2C%5Bnull%2C%5B%5B95385193%5D%2C%5B95385194%2C%5B%5B45765927%2Cnull%2Cnull%2C%5B1%5D%5D%5D%5D%5D%5D%2C%5B50%2C%5B%5B95387816%5D%2C%5B95387817%2C%5B%5B45774999%2Cnull%2Cnull%2C%5B1%5D%5D%5D%5D%5D%5D%2C%5B10%2C%5B%5B95388078%5D%2C%5B95388079%2C%5B%5B45776042%2Cnull%2Cnull%2C%5B1%5D%5D%5D%5D%5D%5D%2C%5B10%2C%5B%5B95389581%5D%2C%5B95389582%2C%5B%5B635466687%2Cnull%2Cnull%2C%5B1%5D%5D%5D%5D%5D%5D%5D%5D%5D%2Cnull%2Cnull%2C%5Bnull%2C1000%2C1%2C1000%5D%5D%22%7D&imalib_experiments=%5B95322027%2C95331589%2C95332046%5D&is_eap_loader=false&managed_js_experiment_id=0&page_correlator=1120519343920441&pvsid=8292872101777130&top_accessible_page_url=%22https%3A%2F%2Frateyourmusic.com%2Frelease%2Falbum%2Flaibach%2Fmusick%2F%22:0
[   35968ms] [ERROR] Failed to load resource: the server responded with a status of 404 () @ https://pbc.intergient.com/cache?uuid=ab7cc694-ca9f-48da-8096-e3e8d6d9f51d:0
[   36043ms] [ERROR] Attestation check for Shared Storage on https://securepubads.g.doubleclick.net failed. @ https://imasdk.googleapis.com/js/core/bridge3.761.0_en.html#deid=%22%22&eventfe_experiment_ids=%5B%5D&fid=%22goog_1780347047%22&genotype_experiment_data=%7B%22experimentStateProto%22%3A%22%5B%5B%5B45713128%2Cnull%2Cnull%2C%5B%5D%5D%2C%5Bnull%2C745150931%2Cnull%2C%5Bnull%2C1%5D%5D%2C%5Bnull%2C749060184%2Cnull%2C%5Bnull%2C128%5D%5D%2C%5B841585769%2Cnull%2Cnull%2C%5B1%5D%5D%2C%5B45761044%2Cnull%2Cnull%2C%5B%5D%5D%2C%5B45722344%2Cnull%2Cnull%2C%5B%5D%5D%2C%5B45706017%2Cnull%2Cnull%2C%5B1%5D%5D%2C%5B45774999%2Cnull%2Cnull%2C%5B%5D%5D%2C%5B45776042%2Cnull%2Cnull%2C%5B%5D%5D%2C%5B45668885%2Cnull%2Cnull%2C%5B%5D%5D%2C%5B45685340%2Cnull%2Cnull%2C%5B%5D%5D%2C%5B45765927%2Cnull%2Cnull%2C%5B%5D%5D%2C%5B45734716%2Cnull%2Cnull%2C%5B%5D%5D%2C%5B45735891%2Cnull%2Cnull%2C%5B%5D%5D%2C%5B45663239%2Cnull%2Cnull%2C%5B%5D%5D%2C%5B45715032%2Cnull%2Cnull%2C%5B1%5D%5D%2C%5B45661356%2Cnull%2Cnull%2C%5B%5D%5D%2C%5B839547366%2Cnull%2Cnull%2C%5B1%5D%5D%2C%5B45676441%2Cnull%2Cnull%2C%5B%5D%5D%2C%5Bnull%2C45645574%2Cnull%2C%5B%5D%5D%2C%5B45688859%2Cnull%2Cnull%2C%5B%5D%5D%2C%5B45656766%2Cnull%2Cnull%2C%5B%5D%5D%2C%5B45710689%2Cnull%2Cnull%2C%5B%5D%5D%2C%5B45710688%2Cnull%2Cnull%2C%5B1%5D%5D%2C%5B45685601%2Cnull%2Cnull%2C%5B%5D%5D%2C%5Bnull%2C45685602%2Cnull%2C%5Bnull%2C500%5D%5D%2C%5Bnull%2C45767902%2Cnull%2C%5Bnull%2C500%5D%5D%2C%5B45756824%2Cnull%2Cnull%2C%5B%5D%5D%2C%5B45747172%2Cnull%2Cnull%2C%5B%5D%5D%2C%5B775241416%2Cnull%2Cnull%2C%5B%5D%5D%2C%5B781107959%2Cnull%2Cnull%2C%5B%5D%5D%2C%5B781107958%2Cnull%2Cnull%2C%5B%5D%5D%2C%5B792614055%2Cnull%2Cnull%2C%5B%5D%5D%2C%5B781107957%2Cnull%2Cnull%2C%5B%5D%5D%2C%5B45729602%2Cnull%2Cnull%2C%5B%5D%5D%2C%5B45753603%2Cnull%2Cnull%2C%5B%5D%5D%2C%5B45753604%2Cnull%2Cnull%2C%5B%5D%5D%5D%2C%5B%5B16%2C%5B%5B1%2C%5B%5B31089630%5D%2C%5B31089631%2C%5B%5B45668885%2Cnull%2Cnull%2C%5B1%5D%5D%5D%5D%5D%5D%2C%5B1000%2C%5B%5B95332046%5D%5D%5D%2C%5Bnull%2C%5B%5B95332047%5D%5D%5D%2C%5B10%2C%5B%5B95338769%2C%5B%5Bnull%2C45645574%2Cnull%2C%5Bnull%2C1%5D%5D%5D%5D%2C%5B95338770%2C%5B%5Bnull%2C45645574%2Cnull%2C%5Bnull%2C2%5D%5D%5D%5D%5D%5D%2C%5B50%2C%5B%5B95345206%5D%2C%5B95345207%2C%5B%5B45661356%2Cnull%2Cnull%2C%5B1%5D%5D%5D%5D%5D%5D%2C%5B1%2C%5B%5B95351425%5D%2C%5B95351426%2C%5B%5B45676441%2Cnull%2Cnull%2C%5B1%5D%5D%5D%5D%5D%5D%2C%5B1%2C%5B%5B95373378%2C%5B%5B792614055%2Cnull%2Cnull%2C%5B1%5D%5D%5D%5D%2C%5B95373379%2C%5B%5B45747172%2Cnull%2Cnull%2C%5B1%5D%5D%2C%5B781107959%2Cnull%2Cnull%2C%5B1%5D%5D%2C%5B792614055%2Cnull%2Cnull%2C%5B1%5D%5D%2C%5B781107957%2Cnull%2Cnull%2C%5B1%5D%5D%5D%5D%5D%5D%2C%5B10%2C%5B%5B95378629%5D%2C%5B95378630%2C%5B%5B45729602%2Cnull%2Cnull%2C%5B1%5D%5D%5D%5D%2C%5B95381582%2C%5B%5B45729602%2Cnull%2Cnull%2C%5B1%5D%5D%2C%5B45753603%2Cnull%2Cnull%2C%5B1%5D%5D%5D%5D%2C%5B95381583%2C%5B%5B45729602%2Cnull%2Cnull%2C%5B1%5D%5D%2C%5B45753604%2Cnull%2Cnull%2C%5B1%5D%5D%5D%5D%5D%5D%2C%5B50%2C%5B%5B95382403%5D%2C%5B95386528%2C%5B%5Bnull%2C45767902%2Cnull%2C%5B%5D%5D%2C%5B45756824%2Cnull%2Cnull%2C%5B1%5D%5D%5D%5D%5D%5D%2C%5Bnull%2C%5B%5B95385193%5D%2C%5B95385194%2C%5B%5B45765927%2Cnull%2Cnull%2C%5B1%5D%5D%5D%5D%5D%5D%2C%5B50%2C%5B%5B95387816%5D%2C%5B95387817%2C%5B%5B45774999%2Cnull%2Cnull%2C%5B1%5D%5D%5D%5D%5D%5D%2C%5B10%2C%5B%5B95388078%5D%2C%5B95388079%2C%5B%5B45776042%2Cnull%2Cnull%2C%5B1%5D%5D%5D%5D%5D%5D%2C%5B10%2C%5B%5B95389581%5D%2C%5B95389582%2C%5B%5B635466687%2Cnull%2Cnull%2C%5B1%5D%5D%5D%5D%5D%5D%5D%5D%5D%2Cnull%2Cnull%2C%5Bnull%2C1000%2C1%2C1000%5D%5D%22%7D&imalib_experiments=%5B95322027%2C95331589%2C95332046%5D&is_eap_loader=false&managed_js_experiment_id=0&page_correlator=4460152431872780&pvsid=8292872101777130&top_accessible_page_url=%22https%3A%2F%2Frateyourmusic.com%2Frelease%2Falbum%2Flaibach%2Fmusick%2F%22:0
[   36925ms] [ERROR] Failed to load resource: the server responded with a status of 404 () @ https://pbc.intergient.com/cache?uuid=d1663f60-169a-4480-9ee2-dd4c6dd9cf44:0
[   36986ms] [ERROR] Attestation check for Shared Storage on https://securepubads.g.doubleclick.net failed. @ https://imasdk.googleapis.com/js/core/bridge3.761.0_en.html#deid=%22%22&eventfe_experiment_ids=%5B%5D&fid=%22goog_1780347049%22&genotype_experiment_data=%7B%22experimentStateProto%22%3A%22%5B%5B%5B45713128%2Cnull%2Cnull%2C%5B%5D%5D%2C%5Bnull%2C745150931%2Cnull%2C%5Bnull%2C1%5D%5D%2C%5Bnull%2C749060184%2Cnull%2C%5Bnull%2C128%5D%5D%2C%5B841585769%2Cnull%2Cnull%2C%5B1%5D%5D%2C%5B45761044%2Cnull%2Cnull%2C%5B%5D%5D%2C%5B45722344%2Cnull%2Cnull%2C%5B%5D%5D%2C%5B45706017%2Cnull%2Cnull%2C%5B1%5D%5D%2C%5B45774999%2Cnull%2Cnull%2C%5B%5D%5D%2C%5B45776042%2Cnull%2Cnull%2C%5B%5D%5D%2C%5B45668885%2Cnull%2Cnull%2C%5B%5D%5D%2C%5B45685340%2Cnull%2Cnull%2C%5B%5D%5D%2C%5B45765927%2Cnull%2Cnull%2C%5B%5D%5D%2C%5B45734716%2Cnull%2Cnull%2C%5B%5D%5D%2C%5B45735891%2Cnull%2Cnull%2C%5B%5D%5D%2C%5B45663239%2Cnull%2Cnull%2C%5B%5D%5D%2C%5B45715032%2Cnull%2Cnull%2C%5B1%5D%5D%2C%5B45661356%2Cnull%2Cnull%2C%5B%5D%5D%2C%5B839547366%2Cnull%2Cnull%2C%5B1%5D%5D%2C%5B45676441%2Cnull%2Cnull%2C%5B%5D%5D%2C%5Bnull%2C45645574%2Cnull%2C%5B%5D%5D%2C%5B45688859%2Cnull%2Cnull%2C%5B%5D%5D%2C%5B45656766%2Cnull%2Cnull%2C%5B%5D%5D%2C%5B45710689%2Cnull%2Cnull%2C%5B%5D%5D%2C%5B45710688%2Cnull%2Cnull%2C%5B1%5D%5D%2C%5B45685601%2Cnull%2Cnull%2C%5B%5D%5D%2C%5Bnull%2C45685602%2Cnull%2C%5Bnull%2C500%5D%5D%2C%5Bnull%2C45767902%2Cnull%2C%5Bnull%2C500%5D%5D%2C%5B45756824%2Cnull%2Cnull%2C%5B%5D%5D%2C%5B45747172%2Cnull%2Cnull%2C%5B%5D%5D%2C%5B775241416%2Cnull%2Cnull%2C%5B%5D%5D%2C%5B781107959%2Cnull%2Cnull%2C%5B%5D%5D%2C%5B781107958%2Cnull%2Cnull%2C%5B%5D%5D%2C%5B792614055%2Cnull%2Cnull%2C%5B%5D%5D%2C%5B781107957%2Cnull%2Cnull%2C%5B%5D%5D%2C%5B45729602%2Cnull%2Cnull%2C%5B%5D%5D%2C%5B45753603%2Cnull%2Cnull%2C%5B%5D%5D%2C%5B45753604%2Cnull%2Cnull%2C%5B%5D%5D%5D%2C%5B%5B16%2C%5B%5B1%2C%5B%5B31089630%5D%2C%5B31089631%2C%5B%5B45668885%2Cnull%2Cnull%2C%5B1%5D%5D%5D%5D%5D%5D%2C%5B1000%2C%5B%5B95332046%5D%5D%5D%2C%5Bnull%2C%5B%5B95332047%5D%5D%5D%2C%5B10%2C%5B%5B95338769%2C%5B%5Bnull%2C45645574%2Cnull%2C%5Bnull%2C1%5D%5D%5D%5D%2C%5B95338770%2C%5B%5Bnull%2C45645574%2Cnull%2C%5Bnull%2C2%5D%5D%5D%5D%5D%5D%2C%5B50%2C%5B%5B95345206%5D%2C%5B95345207%2C%5B%5B45661356%2Cnull%2Cnull%2C%5B1%5D%5D%5D%5D%5D%5D%2C%5B1%2C%5B%5B95351425%5D%2C%5B95351426%2C%5B%5B45676441%2Cnull%2Cnull%2C%5B1%5D%5D%5D%5D%5D%5D%2C%5B1%2C%5B%5B95373378%2C%5B%5B792614055%2Cnull%2Cnull%2C%5B1%5D%5D%5D%5D%2C%5B95373379%2C%5B%5B45747172%2Cnull%2Cnull%2C%5B1%5D%5D%2C%5B781107959%2Cnull%2Cnull%2C%5B1%5D%5D%2C%5B792614055%2Cnull%2Cnull%2C%5B1%5D%5D%2C%5B781107957%2Cnull%2Cnull%2C%5B1%5D%5D%5D%5D%5D%5D%2C%5B10%2C%5B%5B95378629%5D%2C%5B95378630%2C%5B%5B45729602%2Cnull%2Cnull%2C%5B1%5D%5D%5D%5D%2C%5B95381582%2C%5B%5B45729602%2Cnull%2Cnull%2C%5B1%5D%5D%2C%5B45753603%2Cnull%2Cnull%2C%5B1%5D%5D%5D%5D%2C%5B95381583%2C%5B%5B45729602%2Cnull%2Cnull%2C%5B1%5D%5D%2C%5B45753604%2Cnull%2Cnull%2C%5B1%5D%5D%5D%5D%5D%5D%2C%5B50%2C%5B%5B95382403%5D%2C%5B95386528%2C%5B%5Bnull%2C45767902%2Cnull%2C%5B%5D%5D%2C%5B45756824%2Cnull%2Cnull%2C%5B1%5D%5D%5D%5D%5D%5D%2C%5Bnull%2C%5B%5B95385193%5D%2C%5B95385194%2C%5B%5B45765927%2Cnull%2Cnull%2C%5B1%5D%5D%5D%5D%5D%5D%2C%5B50%2C%5B%5B95387816%5D%2C%5B95387817%2C%5B%5B45774999%2Cnull%2Cnull%2C%5B1%5D%5D%5D%5D%5D%5D%2C%5B10%2C%5B%5B95388078%5D%2C%5B95388079%2C%5B%5B45776042%2Cnull%2Cnull%2C%5B1%5D%5D%5D%5D%5D%5D%2C%5B10%2C%5B%5B95389581%5D%2C%5B95389582%2C%5B%5B635466687%2Cnull%2Cnull%2C%5B1%5D%5D%5D%5D%5D%5D%5D%5D%5D%2Cnull%2Cnull%2C%5Bnull%2C1000%2C1%2C1000%5D%5D%22%7D&imalib_experiments=%5B95322027%2C95331589%2C95332046%5D&is_eap_loader=false&managed_js_experiment_id=0&page_correlator=3450343799745046&pvsid=8292872101777130&top_accessible_page_url=%22https%3A%2F%2Frateyourmusic.com%2Frelease%2Falbum%2Flaibach%2Fmusick%2F%22:0
[   41230ms] [ERROR] Failed to load resource: net::ERR_CERT_DATE_INVALID @ https://eyeota.ck-ie.com/vdm677.gif?gdpr=%7BGDPR%7D&gdpr_consent=%7BGDPR_CONSENT%7D&redir=https://ps.eyeota.net/match?bid=4o6e2ru&uid=%7B$UID%7D:0
[   44048ms] [LOG] rym.analytics: Google analytics pageview event sent. @ https://rateyourmusic.com/account/login:31
[   44055ms] [LOG] DOM loaded @ https://rateyourmusic.com/account/login:249
[   44060ms] [VERBOSE] [DOM] Input elements should have autocomplete attributes (suggested: "current-password"): (More info: https://goo.gl/9p2vKq) %o @ https://rateyourmusic.com/account/login:0
[   45652ms] [LOG] rym.analytics: Google analytics pageview event sent. @ https://rateyourmusic.com/release/album/laibach/musick/:39
[   45701ms] [LOG] DOM loaded @ https://rateyourmusic.com/release/album/laibach/musick/:295
[   45776ms] [LOG] [IntersectionObserverEntry, IntersectionObserverEntry] [IntersectionObserverEntry, IntersectionObserverEntry] @ https://rateyourmusic.com/release/album/laibach/musick/:82
[   45776ms] [LOG] loading media link @ https://rateyourmusic.com/release/album/laibach/musick/:82
[   45806ms] [WARNING] [GPT] PubAdsService.setTargeting is deprecated, use googletag.setConfig({targeting: ...}) instead.
https://goo.gle/gpt-message#170 @ https://securepubads.g.doubleclick.net/pagead/managed/js/gpt/m202604220101/pubads_impl.js?cb=31098170:18
[   45807ms] [WARNING] [GPT] Using deprecated googletag.encryptedSignalProviders. Please use googletag.secureSignalProviders instead.
https://goo.gle/gpt-message#155 @ https://securepubads.g.doubleclick.net/pagead/managed/js/gpt/m202604220101/pubads_impl.js?cb=31098170:18
[   45926ms] [WARNING] [GPT] Invalid value encountered when calling: googletag.setConfig.targeting: {"pw_custom_logged_in":false}
https://goo.gle/gpt-message#159 @ https://securepubads.g.doubleclick.net/pagead/managed/js/gpt/m202604220101/pubads_impl.js?cb=31098170:18
[   45926ms] [WARNING] [GPT] Invalid value encountered when calling: googletag.setConfig.targeting: {"pw_custom_enable_floating":true}
https://goo.gle/gpt-message#159 @ https://securepubads.g.doubleclick.net/pagead/managed/js/gpt/m202604220101/pubads_impl.js?cb=31098170:18
[   45926ms] [WARNING] [GPT] Invalid value encountered when calling: googletag.setConfig.targeting: {"pw_custom_enable_adhesions":true}
https://goo.gle/gpt-message#159 @ https://securepubads.g.doubleclick.net/pagead/managed/js/gpt/m202604220101/pubads_impl.js?cb=31098170:18
[   46033ms] [ERROR] Attestation check for Protected Audience on https://btlr.sharethrough.com failed. @ https://rateyourmusic.com/release/album/laibach/musick/:0
[   46033ms] [ERROR] Attestation check for Protected Audience on https://btlr.sharethrough.com failed. @ https://rateyourmusic.com/release/album/laibach/musick/:0
[   46033ms] [ERROR] Attestation check for Protected Audience on https://btlr.sharethrough.com failed. @ https://rateyourmusic.com/release/album/laibach/musick/:0
[   46033ms] [ERROR] Attestation check for Protected Audience on https://btlr.sharethrough.com failed. @ https://rateyourmusic.com/release/album/laibach/musick/:0
[   46033ms] [ERROR] Attestation check for Protected Audience on https://btlr.sharethrough.com failed. @ https://rateyourmusic.com/release/album/laibach/musick/:0
[   46033ms] [ERROR] Attestation check for Protected Audience on https://btlr.sharethrough.com failed. @ https://rateyourmusic.com/release/album/laibach/musick/:0
[   46033ms] [ERROR] Attestation check for Protected Audience on https://btlr.sharethrough.com failed. @ https://rateyourmusic.com/release/album/laibach/musick/:0
[   46033ms] [ERROR] Attestation check for Protected Audience on https://btlr.sharethrough.com failed. @ https://rateyourmusic.com/release/album/laibach/musick/:0
[   46033ms] [ERROR] Attestation check for Protected Audience on https://fastlane.rubiconproject.com failed. @ https://rateyourmusic.com/release/album/laibach/musick/:0
[   46033ms] [ERROR] Attestation check for Protected Audience on https://fastlane.rubiconproject.com failed. @ https://rateyourmusic.com/release/album/laibach/musick/:0
[   46033ms] [ERROR] Attestation check for Protected Audience on https://fastlane.rubiconproject.com failed. @ https://rateyourmusic.com/release/album/laibach/musick/:0
[   46033ms] [ERROR] Attestation check for Protected Audience on https://fastlane.rubiconproject.com failed. @ https://rateyourmusic.com/release/album/laibach/musick/:0
[   46033ms] [ERROR] Attestation check for Protected Audience on https://fastlane.rubiconproject.com failed. @ https://rateyourmusic.com/release/album/laibach/musick/:0
[   46033ms] [ERROR] Attestation check for Protected Audience on https://fastlane.rubiconproject.com failed. @ https://rateyourmusic.com/release/album/laibach/musick/:0
[   46033ms] [ERROR] Attestation check for Protected Audience on https://fastlane.rubiconproject.com failed. @ https://rateyourmusic.com/release/album/laibach/musick/:0
[   46033ms] [ERROR] Attestation check for Protected Audience on https://fastlane.rubiconproject.com failed. @ https://rateyourmusic.com/release/album/laibach/musick/:0
[   46033ms] [ERROR] Attestation check for Protected Audience on https://c2shb.pubgw.yahoo.com failed. @ https://rateyourmusic.com/release/album/laibach/musick/:0
[   46033ms] [ERROR] Attestation check for Protected Audience on https://c2shb.pubgw.yahoo.com failed. @ https://rateyourmusic.com/release/album/laibach/musick/:0
[   46033ms] [ERROR] Attestation check for Protected Audience on https://c2shb.pubgw.yahoo.com failed. @ https://rateyourmusic.com/release/album/laibach/musick/:0
[   46033ms] [ERROR] Attestation check for Protected Audience on https://c2shb.pubgw.yahoo.com failed. @ https://rateyourmusic.com/release/album/laibach/musick/:0
[   46033ms] [ERROR] Attestation check for Protected Audience on https://c2shb.pubgw.yahoo.com failed. @ https://rateyourmusic.com/release/album/laibach/musick/:0
[   46033ms] [ERROR] Attestation check for Protected Audience on https://c2shb.pubgw.yahoo.com failed. @ https://rateyourmusic.com/release/album/laibach/musick/:0
[   46033ms] [ERROR] Attestation check for Protected Audience on https://c2shb.pubgw.yahoo.com failed. @ https://rateyourmusic.com/release/album/laibach/musick/:0
[   46033ms] [ERROR] Attestation check for Protected Audience on https://c2shb.pubgw.yahoo.com failed. @ https://rateyourmusic.com/release/album/laibach/musick/:0
[   46033ms] [ERROR] Attestation check for Protected Audience on https://g2.gumgum.com failed. @ https://rateyourmusic.com/release/album/laibach/musick/:0
[   46033ms] [ERROR] Attestation check for Protected Audience on https://g2.gumgum.com failed. @ https://rateyourmusic.com/release/album/laibach/musick/:0
[   46033ms] [ERROR] Attestation check for Protected Audience on https://g2.gumgum.com failed. @ https://rateyourmusic.com/release/album/laibach/musick/:0
[   46033ms] [ERROR] Attestation check for Protected Audience on https://g2.gumgum.com failed. @ https://rateyourmusic.com/release/album/laibach/musick/:0
[   46033ms] [ERROR] Attestation check for Protected Audience on https://g2.gumgum.com failed. @ https://rateyourmusic.com/release/album/laibach/musick/:0
[   46033ms] [ERROR] Attestation check for Protected Audience on https://g2.gumgum.com failed. @ https://rateyourmusic.com/release/album/laibach/musick/:0
[   46033ms] [ERROR] Attestation check for Protected Audience on https://g2.gumgum.com failed. @ https://rateyourmusic.com/release/album/laibach/musick/:0
[   46033ms] [ERROR] Attestation check for Protected Audience on https://g2.gumgum.com failed. @ https://rateyourmusic.com/release/album/laibach/musick/:0
[   46033ms] [ERROR] Attestation check for Protected Audience on https://tlx.3lift.com failed. @ https://rateyourmusic.com/release/album/laibach/musick/:0
[   46033ms] [ERROR] Attestation check for Protected Audience on https://hb.yellowblue.io failed. @ https://rateyourmusic.com/release/album/laibach/musick/:0
[   46033ms] [ERROR] Attestation check for Protected Audience on https://direct.adsrvr.org failed. @ https://rateyourmusic.com/release/album/laibach/musick/:0
[   46033ms] [ERROR] Attestation check for Protected Audience on https://ib.adnxs.com failed. @ https://rateyourmusic.com/release/album/laibach/musick/:0
[   46033ms] [ERROR] Attestation check for Protected Audience on https://rtb.openx.net failed. @ https://rateyourmusic.com/release/album/laibach/musick/:0
[   46033ms] [ERROR] Attestation check for Protected Audience on https://htlb.casalemedia.com failed. @ https://rateyourmusic.com/release/album/laibach/musick/:0
[   46033ms] [ERROR] Attestation check for Protected Audience on https://exchange.cootlogix.com failed. @ https://rateyourmusic.com/release/album/laibach/musick/:0
[   46033ms] [ERROR] Attestation check for Protected Audience on https://exchange.cootlogix.com failed. @ https://rateyourmusic.com/release/album/laibach/musick/:0
[   46033ms] [ERROR] Attestation check for Protected Audience on https://exchange.cootlogix.com failed. @ https://rateyourmusic.com/release/album/laibach/musick/:0
[   46033ms] [ERROR] Attestation check for Protected Audience on https://exchange.cootlogix.com failed. @ https://rateyourmusic.com/release/album/laibach/musick/:0
[   46033ms] [ERROR] Attestation check for Protected Audience on https://exchange.cootlogix.com failed. @ https://rateyourmusic.com/release/album/laibach/musick/:0
[   46033ms] [ERROR] Attestation check for Protected Audience on https://exchange.cootlogix.com failed. @ https://rateyourmusic.com/release/album/laibach/musick/:0
[   46033ms] [ERROR] Attestation check for Protected Audience on https://exchange.cootlogix.com failed. @ https://rateyourmusic.com/release/album/laibach/musick/:0
[   46033ms] [ERROR] Attestation check for Protected Audience on https://exchange.cootlogix.com failed. @ https://rateyourmusic.com/release/album/laibach/musick/:0
[   46045ms] [ERROR] Attestation check for Protected Audience on https://hbopenbid.pubmatic.com failed. @ https://rateyourmusic.com/release/album/laibach/musick/:0
[   46045ms] [ERROR] Attestation check for Protected Audience on https://grid-bidder.criteo.com failed. @ https://rateyourmusic.com/release/album/laibach/musick/:0
[   46150ms] [ERROR] Failed to load resource: the server responded with a status of 422 () @ https://match.sharethrough.com/FGMrCMMc/v1?gdpr=&gdpr_consent=&us_privacy=1NNY&gpp=&gpp_sid=&redirectUri=https%3A%2F%2Fpbs.intergient.com%2Fsetuid%3Fbidder%3Dsharethrough%26gdpr%3D%26gdpr_consent%3D%26gpp%3D%26gpp_sid%3D%26f%3Di%26uid%3D%24UID:0
